Archive member included to satisfy reference by file (symbol)

/Applications/STM32CubeIDE.app/Contents/Eclipse/plugins/com.st.stm32cube.ide.mcu.externaltools.gnu-tools-for-stm32.14.3.rel1.macosaarch64_1.0.0.202602081740/tools/bin/../lib/gcc/arm-none-eabi/14.3.1/../../../../arm-none-eabi/lib/thumb/v8-m.main+fp/hard/libc_nano.a(libc_a-exit.o)
                              /Applications/STM32CubeIDE.app/Contents/Eclipse/plugins/com.st.stm32cube.ide.mcu.externaltools.gnu-tools-for-stm32.14.3.rel1.macosaarch64_1.0.0.202602081740/tools/bin/../lib/gcc/arm-none-eabi/14.3.1/../../../../arm-none-eabi/lib/thumb/v8-m.main+fp/hard/crt0.o (exit)
/Applications/STM32CubeIDE.app/Contents/Eclipse/plugins/com.st.stm32cube.ide.mcu.externaltools.gnu-tools-for-stm32.14.3.rel1.macosaarch64_1.0.0.202602081740/tools/bin/../lib/gcc/arm-none-eabi/14.3.1/../../../../arm-none-eabi/lib/thumb/v8-m.main+fp/hard/libc_nano.a(libc_a-findfp.o)
                              /Applications/STM32CubeIDE.app/Contents/Eclipse/plugins/com.st.stm32cube.ide.mcu.externaltools.gnu-tools-for-stm32.14.3.rel1.macosaarch64_1.0.0.202602081740/tools/bin/../lib/gcc/arm-none-eabi/14.3.1/../../../../arm-none-eabi/lib/thumb/v8-m.main+fp/hard/libc_nano.a(libc_a-exit.o) (__stdio_exit_handler)
/Applications/STM32CubeIDE.app/Contents/Eclipse/plugins/com.st.stm32cube.ide.mcu.externaltools.gnu-tools-for-stm32.14.3.rel1.macosaarch64_1.0.0.202602081740/tools/bin/../lib/gcc/arm-none-eabi/14.3.1/../../../../arm-none-eabi/lib/thumb/v8-m.main+fp/hard/libc_nano.a(libc_a-fwalk.o)
                              /Applications/STM32CubeIDE.app/Contents/Eclipse/plugins/com.st.stm32cube.ide.mcu.externaltools.gnu-tools-for-stm32.14.3.rel1.macosaarch64_1.0.0.202602081740/tools/bin/../lib/gcc/arm-none-eabi/14.3.1/../../../../arm-none-eabi/lib/thumb/v8-m.main+fp/hard/libc_nano.a(libc_a-findfp.o) (_fwalk_sglue)
/Applications/STM32CubeIDE.app/Contents/Eclipse/plugins/com.st.stm32cube.ide.mcu.externaltools.gnu-tools-for-stm32.14.3.rel1.macosaarch64_1.0.0.202602081740/tools/bin/../lib/gcc/arm-none-eabi/14.3.1/../../../../arm-none-eabi/lib/thumb/v8-m.main+fp/hard/libc_nano.a(libc_a-puts.o)
                              ./Core/Src/app_freertos.o (puts)
/Applications/STM32CubeIDE.app/Contents/Eclipse/plugins/com.st.stm32cube.ide.mcu.externaltools.gnu-tools-for-stm32.14.3.rel1.macosaarch64_1.0.0.202602081740/tools/bin/../lib/gcc/arm-none-eabi/14.3.1/../../../../arm-none-eabi/lib/thumb/v8-m.main+fp/hard/libc_nano.a(libc_a-memset.o)
                              /Applications/STM32CubeIDE.app/Contents/Eclipse/plugins/com.st.stm32cube.ide.mcu.externaltools.gnu-tools-for-stm32.14.3.rel1.macosaarch64_1.0.0.202602081740/tools/bin/../lib/gcc/arm-none-eabi/14.3.1/../../../../arm-none-eabi/lib/thumb/v8-m.main+fp/hard/crt0.o (memset)
/Applications/STM32CubeIDE.app/Contents/Eclipse/plugins/com.st.stm32cube.ide.mcu.externaltools.gnu-tools-for-stm32.14.3.rel1.macosaarch64_1.0.0.202602081740/tools/bin/../lib/gcc/arm-none-eabi/14.3.1/../../../../arm-none-eabi/lib/thumb/v8-m.main+fp/hard/libc_nano.a(libc_a-errno.o)
                              ./Core/Src/syscalls.o (__errno)
/Applications/STM32CubeIDE.app/Contents/Eclipse/plugins/com.st.stm32cube.ide.mcu.externaltools.gnu-tools-for-stm32.14.3.rel1.macosaarch64_1.0.0.202602081740/tools/bin/../lib/gcc/arm-none-eabi/14.3.1/../../../../arm-none-eabi/lib/thumb/v8-m.main+fp/hard/libc_nano.a(libc_a-init.o)
                              /Applications/STM32CubeIDE.app/Contents/Eclipse/plugins/com.st.stm32cube.ide.mcu.externaltools.gnu-tools-for-stm32.14.3.rel1.macosaarch64_1.0.0.202602081740/tools/bin/../lib/gcc/arm-none-eabi/14.3.1/../../../../arm-none-eabi/lib/thumb/v8-m.main+fp/hard/crt0.o (__libc_init_array)
/Applications/STM32CubeIDE.app/Contents/Eclipse/plugins/com.st.stm32cube.ide.mcu.externaltools.gnu-tools-for-stm32.14.3.rel1.macosaarch64_1.0.0.202602081740/tools/bin/../lib/gcc/arm-none-eabi/14.3.1/../../../../arm-none-eabi/lib/thumb/v8-m.main+fp/hard/libc_nano.a(libc_a-lock.o)
                              /Applications/STM32CubeIDE.app/Contents/Eclipse/plugins/com.st.stm32cube.ide.mcu.externaltools.gnu-tools-for-stm32.14.3.rel1.macosaarch64_1.0.0.202602081740/tools/bin/../lib/gcc/arm-none-eabi/14.3.1/../../../../arm-none-eabi/lib/thumb/v8-m.main+fp/hard/libc_nano.a(libc_a-findfp.o) (__retarget_lock_init_recursive)
/Applications/STM32CubeIDE.app/Contents/Eclipse/plugins/com.st.stm32cube.ide.mcu.externaltools.gnu-tools-for-stm32.14.3.rel1.macosaarch64_1.0.0.202602081740/tools/bin/../lib/gcc/arm-none-eabi/14.3.1/../../../../arm-none-eabi/lib/thumb/v8-m.main+fp/hard/libc_nano.a(libc_a-impure.o)
                              /Applications/STM32CubeIDE.app/Contents/Eclipse/plugins/com.st.stm32cube.ide.mcu.externaltools.gnu-tools-for-stm32.14.3.rel1.macosaarch64_1.0.0.202602081740/tools/bin/../lib/gcc/arm-none-eabi/14.3.1/../../../../arm-none-eabi/lib/thumb/v8-m.main+fp/hard/libc_nano.a(libc_a-puts.o) (_impure_ptr)
[...]
Memory Configuration

Name             Origin             Length             Attributes
RAM              0x20000000         0x00270000         xrw
SRAM4            0x28000000         0x00004000         xrw
FLASH            0x08040000         0x000c0000         xr
*default*        0x00000000         0xffffffff

Linker script and memory map

LOAD /Applications/STM32CubeIDE.app/Contents/Eclipse/plugins/com.st.stm32cube.ide.mcu.externaltools.gnu-tools-for-stm32.14.3.rel1.macosaarch64_1.0.0.202602081740/tools/bin/../lib/gcc/arm-none-eabi/14.3.1/thumb/v8-m.main+fp/hard/crti.o
LOAD /Applications/STM32CubeIDE.app/Contents/Eclipse/plugins/com.st.stm32cube.ide.mcu.externaltools.gnu-tools-for-stm32.14.3.rel1.macosaarch64_1.0.0.202602081740/tools/bin/../lib/gcc/arm-none-eabi/14.3.1/thumb/v8-m.main+fp/hard/crtbegin.o
LOAD /Applications/STM32CubeIDE.app/Contents/Eclipse/plugins/com.st.stm32cube.ide.mcu.externaltools.gnu-tools-for-stm32.14.3.rel1.macosaarch64_1.0.0.202602081740/tools/bin/../lib/gcc/arm-none-eabi/14.3.1/../../../../arm-none-eabi/lib/thumb/v8-m.main+fp/hard/crt0.o
LOAD ./Core/Src/app_freertos.o
LOAD ./Core/Src/main.o
LOAD ./Core/Src/stm32u5xx_hal_msp.o
LOAD ./Core/Src/stm32u5xx_hal_timebase_tim.o
LOAD ./Core/Src/stm32u5xx_it.o
LOAD ./Core/Src/syscalls.o
LOAD ./Core/Src/sysmem.o
LOAD ./Core/Src/system_stm32u5xx.o
LOAD ./Core/Startup/startup_stm32u5a5zjtxq.o
LOAD ./Drivers/BSP/STM32U5xx_Nucleo/stm32u5xx_nucleo.o
LOAD ./Drivers/STM32U5xx_HAL_Driver/Src/stm32u5xx_hal.o
LOAD ./Drivers/STM32U5xx_HAL_Driver/Src/stm32u5xx_hal_cortex.o
LOAD ./Drivers/STM32U5xx_HAL_Driver/Src/stm32u5xx_hal_dma.o
LOAD ./Drivers/STM32U5xx_HAL_Driver/Src/stm32u5xx_hal_dma_ex.o
LOAD ./Drivers/STM32U5xx_HAL_Driver/Src/stm32u5xx_hal_exti.o
LOAD ./Drivers/STM32U5xx_HAL_Driver/Src/stm32u5xx_hal_flash.o
LOAD ./Drivers/STM32U5xx_HAL_Driver/Src/stm32u5xx_hal_flash_ex.o
LOAD ./Drivers/STM32U5xx_HAL_Driver/Src/stm32u5xx_hal_gpio.o
LOAD ./Drivers/STM32U5xx_HAL_Driver/Src/stm32u5xx_hal_gtzc.o
LOAD ./Drivers/STM32U5xx_HAL_Driver/Src/stm32u5xx_hal_i2c.o
LOAD ./Drivers/STM32U5xx_HAL_Driver/Src/stm32u5xx_hal_i2c_ex.o
LOAD ./Drivers/STM32U5xx_HAL_Driver/Src/stm32u5xx_hal_icache.o
LOAD ./Drivers/STM32U5xx_HAL_Driver/Src/stm32u5xx_hal_pcd.o
LOAD ./Drivers/STM32U5xx_HAL_Driver/Src/stm32u5xx_hal_pcd_ex.o
LOAD ./Drivers/STM32U5xx_HAL_Driver/Src/stm32u5xx_hal_pwr.o
LOAD ./Drivers/STM32U5xx_HAL_Driver/Src/stm32u5xx_hal_pwr_ex.o
LOAD ./Drivers/STM32U5xx_HAL_Driver/Src/stm32u5xx_hal_rcc.o
LOAD ./Drivers/STM32U5xx_HAL_Driver/Src/stm32u5xx_hal_rcc_ex.o
LOAD ./Drivers/STM32U5xx_HAL_Driver/Src/stm32u5xx_hal_tim.o
LOAD ./Drivers/STM32U5xx_HAL_Driver/Src/stm32u5xx_hal_tim_ex.o
LOAD ./Drivers/STM32U5xx_HAL_Driver/Src/stm32u5xx_hal_uart.o
LOAD ./Drivers/STM32U5xx_HAL_Driver/Src/stm32u5xx_hal_uart_ex.o
LOAD ./Drivers/STM32U5xx_HAL_Driver/Src/stm32u5xx_hal_usart.o
LOAD ./Drivers/STM32U5xx_HAL_Driver/Src/stm32u5xx_hal_usart_ex.o
LOAD ./Drivers/STM32U5xx_HAL_Driver/Src/stm32u5xx_ll_usb.o
LOAD ./Middlewares/Third_Party/FreeRTOS/Source/CMSIS_RTOS_V2/cmsis_os2.o
LOAD ./Middlewares/Third_Party/FreeRTOS/Source/croutine.o
LOAD ./Middlewares/Third_Party/FreeRTOS/Source/event_groups.o
LOAD ./Middlewares/Third_Party/FreeRTOS/Source/list.o
LOAD ./Middlewares/Third_Party/FreeRTOS/Source/queue.o
LOAD ./Middlewares/Third_Party/FreeRTOS/Source/stream_buffer.o
LOAD ./Middlewares/Third_Party/FreeRTOS/Source/tasks.o
LOAD ./Middlewares/Third_Party/FreeRTOS/Source/timers.o
LOAD ./Middlewares/Third_Party/FreeRTOS/Source/portable/GCC/ARM_CM33_NTZ/non_secure/port.o
LOAD ./Middlewares/Third_Party/FreeRTOS/Source/portable/GCC/ARM_CM33_NTZ/non_secure/portasm.o
LOAD ./Middlewares/Third_Party/FreeRTOS/Source/portable/MemMang/heap_4.o
START GROUP
LOAD /Applications/STM32CubeIDE.app/Contents/Eclipse/plugins/com.st.stm32cube.ide.mcu.externaltools.gnu-tools-for-stm32.14.3.rel1.macosaarch64_1.0.0.202602081740/tools/bin/../lib/gcc/arm-none-eabi/14.3.1/../../../../arm-none-eabi/lib/thumb/v8-m.main+fp/hard/libc_nano.a
LOAD /Applications/STM32CubeIDE.app/Contents/Eclipse/plugins/com.st.stm32cube.ide.mcu.externaltools.gnu-tools-for-stm32.14.3.rel1.macosaarch64_1.0.0.202602081740/tools/bin/../lib/gcc/arm-none-eabi/14.3.1/../../../../arm-none-eabi/lib/thumb/v8-m.main+fp/hard/libm.a
END GROUP
START GROUP
LOAD /Applications/STM32CubeIDE.app/Contents/Eclipse/plugins/com.st.stm32cube.ide.mcu.externaltools.gnu-tools-for-stm32.14.3.rel1.macosaarch64_1.0.0.202602081740/tools/bin/../lib/gcc/arm-none-eabi/14.3.1/thumb/v8-m.main+fp/hard/libgcc.a
LOAD /Applications/STM32CubeIDE.app/Contents/Eclipse/plugins/com.st.stm32cube.ide.mcu.externaltools.gnu-tools-for-stm32.14.3.rel1.macosaarch64_1.0.0.202602081740/tools/bin/../lib/gcc/arm-none-eabi/14.3.1/../../../../arm-none-eabi/lib/thumb/v8-m.main+fp/hard/libc_nano.a
END GROUP
START GROUP
LOAD /Applications/STM32CubeIDE.app/Contents/Eclipse/plugins/com.st.stm32cube.ide.mcu.externaltools.gnu-tools-for-stm32.14.3.rel1.macosaarch64_1.0.0.202602081740/tools/bin/../lib/gcc/arm-none-eabi/14.3.1/thumb/v8-m.main+fp/hard/libgcc.a
LOAD /Applications/STM32CubeIDE.app/Contents/Eclipse/plugins/com.st.stm32cube.ide.mcu.externaltools.gnu-tools-for-stm32.14.3.rel1.macosaarch64_1.0.0.202602081740/tools/bin/../lib/gcc/arm-none-eabi/14.3.1/../../../../arm-none-eabi/lib/thumb/v8-m.main+fp/hard/libc_nano.a
LOAD /Applications/STM32CubeIDE.app/Contents/Eclipse/plugins/com.st.stm32cube.ide.mcu.externaltools.gnu-tools-for-stm32.14.3.rel1.macosaarch64_1.0.0.202602081740/tools/bin/../lib/gcc/arm-none-eabi/14.3.1/../../../../arm-none-eabi/lib/thumb/v8-m.main+fp/hard/libnosys.a
END GROUP
START GROUP
LOAD /Applications/STM32CubeIDE.app/Contents/Eclipse/plugins/com.st.stm32cube.ide.mcu.externaltools.gnu-tools-for-stm32.14.3.rel1.macosaarch64_1.0.0.202602081740/tools/bin/../lib/gcc/arm-none-eabi/14.3.1/thumb/v8-m.main+fp/hard/libgcc.a
LOAD /Applications/STM32CubeIDE.app/Contents/Eclipse/plugins/com.st.stm32cube.ide.mcu.externaltools.gnu-tools-for-stm32.14.3.rel1.macosaarch64_1.0.0.202602081740/tools/bin/../lib/gcc/arm-none-eabi/14.3.1/../../../../arm-none-eabi/lib/thumb/v8-m.main+fp/hard/libc_nano.a
LOAD /Applications/STM32CubeIDE.app/Contents/Eclipse/plugins/com.st.stm32cube.ide.mcu.externaltools.gnu-tools-for-stm32.14.3.rel1.macosaarch64_1.0.0.202602081740/tools/bin/../lib/gcc/arm-none-eabi/14.3.1/../../../../arm-none-eabi/lib/thumb/v8-m.main+fp/hard/libnosys.a
END GROUP
LOAD /Applications/STM32CubeIDE.app/Contents/Eclipse/plugins/com.st.stm32cube.ide.mcu.externaltools.gnu-tools-for-stm32.14.3.rel1.macosaarch64_1.0.0.202602081740/tools/bin/../lib/gcc/arm-none-eabi/14.3.1/thumb/v8-m.main+fp/hard/crtend.o
LOAD /Applications/STM32CubeIDE.app/Contents/Eclipse/plugins/com.st.stm32cube.ide.mcu.externaltools.gnu-tools-for-stm32.14.3.rel1.macosaarch64_1.0.0.202602081740/tools/bin/../lib/gcc/arm-none-eabi/14.3.1/thumb/v8-m.main+fp/hard/crtn.o
                0x20270000                        _estack = (ORIGIN (RAM) + LENGTH (RAM))
                0x2026fc00                        _sstack = (_estack - _Min_Stack_Size)
                0x00000200                        _Min_Heap_Size = 0x200
                0x00000400                        _Min_Stack_Size = 0x400

.isr_vector     0x08040000      0x250
 *(.isr_vector)
 .isr_vector    0x08040000      0x250 ./Core/Startup/startup_stm32u5a5zjtxq.o
                0x08040000                g_pfnVectors

.text           0x08040250     0xaba0
 *(.text)
 .text          0x08040250       0x40 /Applications/STM32CubeIDE.app/Contents/Eclipse/plugins/com.st.stm32cube.ide.mcu.externaltools.gnu-tools-for-stm32.14.3.rel1.macosaarch64_1.0.0.202602081740/tools/bin/../lib/gcc/arm-none-eabi/14.3.1/thumb/v8-m.main+fp/hard/crtbegin.o
 .text          0x08040290       0x30 /Applications/STM32CubeIDE.app/Contents/Eclipse/plugins/com.st.stm32cube.ide.mcu.externaltools.gnu-tools-for-stm32.14.3.rel1.macosaarch64_1.0.0.202602081740/tools/bin/../lib/gcc/arm-none-eabi/14.3.1/thumb/v8-m.main+fp/hard/libgcc.a(_aeabi_uldivmod.o)
                0x08040290                __aeabi_uldivmod
 .text          0x080402c0      0x34c /Applications/STM32CubeIDE.app/Contents/Eclipse/plugins/com.st.stm32cube.ide.mcu.externaltools.gnu-tools-for-stm32.14.3.rel1.macosaarch64_1.0.0.202602081740/tools/bin/../lib/gcc/arm-none-eabi/14.3.1/thumb/v8-m.main+fp/hard/libgcc.a(_udivmoddi4.o)
                0x080402c0                __udivmoddi4
 .text          0x0804060c        0x4 /Applications/STM32CubeIDE.app/Contents/Eclipse/plugins/com.st.stm32cube.ide.mcu.externaltools.gnu-tools-for-stm32.14.3.rel1.macosaarch64_1.0.0.202602081740/tools/bin/../lib/gcc/arm-none-eabi/14.3.1/thumb/v8-m.main+fp/hard/libgcc.a(_dvmd_tls.o)
                0x0804060c                __aeabi_ldiv0
                0x0804060c                __aeabi_idiv0
 *(.text*)
 .text.MX_FREERTOS_Init
                0x08040610       0x24 ./Core/Src/app_freertos.o
                0x08040610                MX_FREERTOS_Init
 .text.StartDefaultTask
                0x08040634       0x30 ./Core/Src/app_freertos.o
                0x08040634                StartDefaultTask
 .text.main     0x08040664      0x12c ./Core/Src/main.o
                0x08040664                main
 .text.SystemClock_Config
                0x08040790       0xba ./Core/Src/main.o
                0x08040790                SystemClock_Config
 .text.SystemPower_Config
                0x0804084a       0x1c ./Core/Src/main.o
 .text.MX_ICACHE_Init
                0x08040866       0x26 ./Core/Src/main.o
 .text.MX_USB_OTG_HS_PCD_Init
                0x0804088c       0x5c ./Core/Src/main.o
 .text.MX_GPIO_Init
                0x080408e8      0x134 ./Core/Src/main.o
 .text.HAL_TIM_PeriodElapsedCallback
                0x08040a1c       0x24 ./Core/Src/main.o
                0x08040a1c                HAL_TIM_PeriodElapsedCallback
 .text.Error_Handler
                0x08040a40        0xc ./Core/Src/main.o
                0x08040a40                Error_Handler
 .text.HAL_MspInit
                0x08040a4c       0x40 ./Core/Src/stm32u5xx_hal_msp.o
                0x08040a4c                HAL_MspInit
 .text.HAL_PCD_MspInit
                0x08040a8c      0x10c ./Core/Src/stm32u5xx_hal_msp.o
                0x08040a8c                HAL_PCD_MspInit
 .text.HAL_InitTick
                0x08040b98       0xe0 ./Core/Src/stm32u5xx_hal_timebase_tim.o
                0x08040b98                HAL_InitTick
 .text.NMI_Handler
                0x08040c78        0x8 ./Core/Src/stm32u5xx_it.o
                0x08040c78                NMI_Handler
 .text.HardFault_Handler
                0x08040c80        0x8 ./Core/Src/stm32u5xx_it.o
                0x08040c80                HardFault_Handler
 .text.MemManage_Handler
                0x08040c88        0x8 ./Core/Src/stm32u5xx_it.o
                0x08040c88                MemManage_Handler
 .text.BusFault_Handler
                0x08040c90        0x8 ./Core/Src/stm32u5xx_it.o
                0x08040c90                BusFault_Handler
 .text.UsageFault_Handler
                0x08040c98        0x8 ./Core/Src/stm32u5xx_it.o
                0x08040c98                UsageFault_Handler
 .text.DebugMon_Handler
                0x08040ca0        0xe ./Core/Src/stm32u5xx_it.o
                0x08040ca0                DebugMon_Handler
 .text.EXTI13_IRQHandler
                0x08040cae        0xe ./Core/Src/stm32u5xx_it.o
                0x08040cae                EXTI13_IRQHandler
 .text.TIM6_IRQHandler
                0x08040cbc       0x14 ./Core/Src/stm32u5xx_it.o
                0x08040cbc                TIM6_IRQHandler
 .text._read    0x08040cd0       0x3a ./Core/Src/syscalls.o
                0x08040cd0                _read
 .text._write   0x08040d0a       0x38 ./Core/Src/syscalls.o
                0x08040d0a                _write
 .text._close   0x08040d42       0x18 ./Core/Src/syscalls.o
                0x08040d42                _close
 .text._fstat   0x08040d5a       0x20 ./Core/Src/syscalls.o
                0x08040d5a                _fstat
 .text._isatty  0x08040d7a       0x16 ./Core/Src/syscalls.o
                0x08040d7a                _isatty
 .text._lseek   0x08040d90       0x1a ./Core/Src/syscalls.o
                0x08040d90                _lseek
 *fill*         0x08040daa        0x2 
 .text._sbrk    0x08040dac       0x6c ./Core/Src/sysmem.o
                0x08040dac                _sbrk
 .text.SystemInit
                0x08040e18       0x70 ./Core/Src/system_stm32u5xx.o
                0x08040e18                SystemInit
 .text.Reset_Handler
                0x08040e88       0x50 ./Core/Startup/startup_stm32u5a5zjtxq.o
                0x08040e88                Reset_Handler
 .text.Default_Handler
                0x08040ed8        0x2 ./Core/Startup/startup_stm32u5a5zjtxq.o
                0x08040ed8                HASH_IRQHandler
                0x08040ed8                TIM8_TRG_COM_IRQHandler
                0x08040ed8                TIM8_CC_IRQHandler
                0x08040ed8                EXTI5_IRQHandler
                0x08040ed8                FLASH_S_IRQHandler
                0x08040ed8                TIM1_CC_IRQHandler
                0x08040ed8                TSC_IRQHandler
                0x08040ed8                TAMP_IRQHandler
                0x08040ed8                EXTI12_IRQHandler
                0x08040ed8                CORDIC_IRQHandler
                0x08040ed8                EXTI3_IRQHandler
                0x08040ed8                LPTIM4_IRQHandler
                0x08040ed8                GPDMA1_Channel5_IRQHandler
                0x08040ed8                EXTI8_IRQHandler
                0x08040ed8                LPTIM2_IRQHandler
                0x08040ed8                I2C3_ER_IRQHandler
                0x08040ed8                I2C5_EV_IRQHandler
                0x08040ed8                PWR_S3WU_IRQHandler
                0x08040ed8                MDF1_FLT2_IRQHandler
                0x08040ed8                LPDMA1_Channel3_IRQHandler
                0x08040ed8                LPTIM3_IRQHandler
                0x08040ed8                EXTI0_IRQHandler
                0x08040ed8                I2C2_EV_IRQHandler
                0x08040ed8                FPU_IRQHandler
                0x08040ed8                GPDMA1_Channel3_IRQHandler
                0x08040ed8                GPDMA1_Channel7_IRQHandler
                0x08040ed8                MDF1_FLT4_IRQHandler
                0x08040ed8                FDCAN1_IT1_IRQHandler
                0x08040ed8                RAMCFG_IRQHandler
                0x08040ed8                ADC1_2_IRQHandler
                0x08040ed8                GPDMA1_Channel9_IRQHandler
                0x08040ed8                DCACHE1_IRQHandler
                0x08040ed8                SPI1_IRQHandler
                0x08040ed8                OCTOSPI1_IRQHandler
                0x08040ed8                GPDMA1_Channel2_IRQHandler
                0x08040ed8                TIM8_UP_IRQHandler
                0x08040ed8                RCC_S_IRQHandler
                0x08040ed8                OCTOSPI2_IRQHandler
                0x08040ed8                SAI2_IRQHandler
                0x08040ed8                MDF1_FLT1_IRQHandler
                0x08040ed8                PKA_IRQHandler
                0x08040ed8                USART6_IRQHandler
                0x08040ed8                MDF1_FLT5_IRQHandler
                0x08040ed8                EXTI15_IRQHandler
                0x08040ed8                TIM17_IRQHandler
                0x08040ed8                USART3_IRQHandler
                0x08040ed8                RTC_IRQHandler
                0x08040ed8                EXTI9_IRQHandler
                0x08040ed8                HSPI1_IRQHandler
                0x08040ed8                UART5_IRQHandler
                0x08040ed8                TIM4_IRQHandler
                0x08040ed8                I2C1_EV_IRQHandler
                0x08040ed8                GPDMA1_Channel12_IRQHandler
                0x08040ed8                GPDMA1_Channel1_IRQHandler
                0x08040ed8                TIM16_IRQHandler
                0x08040ed8                GPDMA1_Channel15_IRQHandler
                0x08040ed8                UART4_IRQHandler
                0x08040ed8                SecureFault_Handler
                0x08040ed8                TIM3_IRQHandler
                0x08040ed8                RCC_IRQHandler
                0x08040ed8                TIM1_TRG_COM_IRQHandler
                0x08040ed8                Default_Handler
                0x08040ed8                GPDMA1_Channel8_IRQHandler
                0x08040ed8                FMAC_IRQHandler
                0x08040ed8                I2C5_ER_IRQHandler
                0x08040ed8                OTFDEC1_IRQHandler
                0x08040ed8                GPDMA1_Channel11_IRQHandler
                0x08040ed8                TIM7_IRQHandler
                0x08040ed8                SDMMC1_IRQHandler
                0x08040ed8                SAES_IRQHandler
                0x08040ed8                TIM5_IRQHandler
                0x08040ed8                UCPD1_IRQHandler
                0x08040ed8                GPDMA1_Channel0_IRQHandler
                0x08040ed8                TIM15_IRQHandler
                0x08040ed8                I2C3_EV_IRQHandler
                0x08040ed8                LPDMA1_Channel0_IRQHandler
                0x08040ed8                PVD_PVM_IRQHandler
                0x08040ed8                SPI2_IRQHandler
                0x08040ed8                LPDMA1_Channel1_IRQHandler
                0x08040ed8                EXTI14_IRQHandler
                0x08040ed8                EXTI11_IRQHandler
                0x08040ed8                OTFDEC2_IRQHandler
                0x08040ed8                CRS_IRQHandler
                0x08040ed8                GPDMA1_Channel14_IRQHandler
                0x08040ed8                LSECSSD_IRQHandler
                0x08040ed8                EXTI4_IRQHandler
                0x08040ed8                RTC_S_IRQHandler
                0x08040ed8                GPDMA1_Channel13_IRQHandler
                0x08040ed8                RNG_IRQHandler
                0x08040ed8                COMP_IRQHandler
                0x08040ed8                TIM1_UP_IRQHandler
                0x08040ed8                ADC4_IRQHandler
                0x08040ed8                WWDG_IRQHandler
                0x08040ed8                I2C4_EV_IRQHandler
                0x08040ed8                ADF1_IRQHandler
                0x08040ed8                IWDG_IRQHandler
                0x08040ed8                I2C6_ER_IRQHandler
                0x08040ed8                LPUART1_IRQHandler
                0x08040ed8                MDF1_FLT0_IRQHandler
                0x08040ed8                FDCAN1_IT0_IRQHandler
                0x08040ed8                TIM2_IRQHandler
                0x08040ed8                GPDMA1_Channel4_IRQHandler
                0x08040ed8                OTG_HS_IRQHandler
                0x08040ed8                EXTI7_IRQHandler
                0x08040ed8                DMA2D_IRQHandler
                0x08040ed8                TIM1_BRK_IRQHandler
                0x08040ed8                EXTI1_IRQHandler
                0x08040ed8                SDMMC2_IRQHandler
                0x08040ed8                AES_IRQHandler
                0x08040ed8                DAC1_IRQHandler
                0x08040ed8                GTZC_IRQHandler
                0x08040ed8                MDF1_FLT3_IRQHandler
                0x08040ed8                USART2_IRQHandler
                0x08040ed8                I2C6_EV_IRQHandler
                0x08040ed8                GPDMA1_Channel6_IRQHandler
                0x08040ed8                I2C2_ER_IRQHandler
                0x08040ed8                TIM8_BRK_IRQHandler
                0x08040ed8                FLASH_IRQHandler
                0x08040ed8                USART1_IRQHandler
                0x08040ed8                EXTI10_IRQHandler
                0x08040ed8                SPI3_IRQHandler
                0x08040ed8                LPDMA1_Channel2_IRQHandler
                0x08040ed8                I2C1_ER_IRQHandler
                0x08040ed8                FMC_IRQHandler
                0x08040ed8                EXTI6_IRQHandler
                0x08040ed8                LPTIM1_IRQHandler
                0x08040ed8                DCMI_PSSI_IRQHandler
                0x08040ed8                I2C4_ER_IRQHandler
                0x08040ed8                GPDMA1_Channel10_IRQHandler
                0x08040ed8                ICACHE_IRQHandler
                0x08040ed8                SAI1_IRQHandler
                0x08040ed8                EXTI2_IRQHandler
 *fill*         0x08040eda        0x2 
 .text.BSP_LED_Init
                0x08040edc      0x120 ./Drivers/BSP/STM32U5xx_Nucleo/stm32u5xx_nucleo.o
                0x08040edc                BSP_LED_Init
 .text.BSP_LED_Toggle
                0x08040ffc       0x54 ./Drivers/BSP/STM32U5xx_Nucleo/stm32u5xx_nucleo.o
                0x08040ffc                BSP_LED_Toggle
 .text.BSP_PB_Init
                0x08041050       0xf0 ./Drivers/BSP/STM32U5xx_Nucleo/stm32u5xx_nucleo.o
                0x08041050                BSP_PB_Init
 .text.BSP_PB_IRQHandler
                0x08041140       0x2c ./Drivers/BSP/STM32U5xx_Nucleo/stm32u5xx_nucleo.o
                0x08041140                BSP_PB_IRQHandler
 .text.BSP_PB_Callback
                0x0804116c       0x16 ./Drivers/BSP/STM32U5xx_Nucleo/stm32u5xx_nucleo.o
                0x0804116c                BSP_PB_Callback
 *fill*         0x08041182        0x2 
 .text.BSP_COM_Init
                0x08041184       0x60 ./Drivers/BSP/STM32U5xx_Nucleo/stm32u5xx_nucleo.o
                0x08041184                BSP_COM_Init
 .text.MX_USART1_Init
                0x080411e4       0x68 ./Drivers/BSP/STM32U5xx_Nucleo/stm32u5xx_nucleo.o
                0x080411e4                MX_USART1_Init
 .text.__io_putchar
                0x0804124c       0x38 ./Drivers/BSP/STM32U5xx_Nucleo/stm32u5xx_nucleo.o
                0x0804124c                __io_putchar
 .text.BUTTON_USER_EXTI_Callback
                0x08041284        0xe ./Drivers/BSP/STM32U5xx_Nucleo/stm32u5xx_nucleo.o
 *fill*         0x08041292        0x2 
 .text.COM1_MspInit
                0x08041294       0xb0 ./Drivers/BSP/STM32U5xx_Nucleo/stm32u5xx_nucleo.o
 .text.HAL_Init
                0x08041344       0x60 ./Drivers/STM32U5xx_HAL_Driver/Src/stm32u5xx_hal.o
                0x08041344                HAL_Init
 .text.HAL_IncTick
                0x080413a4       0x28 ./Drivers/STM32U5xx_HAL_Driver/Src/stm32u5xx_hal.o
                0x080413a4                HAL_IncTick
 .text.HAL_GetTick
                0x080413cc       0x18 ./Drivers/STM32U5xx_HAL_Driver/Src/stm32u5xx_hal.o
                0x080413cc                HAL_GetTick
 .text.HAL_Delay
                0x080413e4       0x48 ./Drivers/STM32U5xx_HAL_Driver/Src/stm32u5xx_hal.o
                0x080413e4                HAL_Delay
 .text.HAL_SYSCFG_EnableOTGPHY
                0x0804142c       0x28 ./Drivers/STM32U5xx_HAL_Driver/Src/stm32u5xx_hal.o
                0x0804142c                HAL_SYSCFG_EnableOTGPHY
 .text.HAL_SYSCFG_SetOTGPHYReferenceClockSelection
                0x08041454       0x28 ./Drivers/STM32U5xx_HAL_Driver/Src/stm32u5xx_hal.o
                0x08041454                HAL_SYSCFG_SetOTGPHYReferenceClockSelection
 .text.__NVIC_SetPriorityGrouping
                0x0804147c       0x48 ./Drivers/STM32U5xx_HAL_Driver/Src/stm32u5xx_hal_cortex.o
 .text.__NVIC_GetPriorityGrouping
                0x080414c4       0x1c ./Drivers/STM32U5xx_HAL_Driver/Src/stm32u5xx_hal_cortex.o
 .text.__NVIC_EnableIRQ
                0x080414e0       0x3c ./Drivers/STM32U5xx_HAL_Driver/Src/stm32u5xx_hal_cortex.o
 .text.__NVIC_SetPriority
                0x0804151c       0x54 ./Drivers/STM32U5xx_HAL_Driver/Src/stm32u5xx_hal_cortex.o
 .text.NVIC_EncodePriority
                0x08041570       0x66 ./Drivers/STM32U5xx_HAL_Driver/Src/stm32u5xx_hal_cortex.o
 .text.HAL_NVIC_SetPriorityGrouping
                0x080415d6       0x16 ./Drivers/STM32U5xx_HAL_Driver/Src/stm32u5xx_hal_cortex.o
                0x080415d6                HAL_NVIC_SetPriorityGrouping
 .text.HAL_NVIC_SetPriority
                0x080415ec       0x34 ./Drivers/STM32U5xx_HAL_Driver/Src/stm32u5xx_hal_cortex.o
                0x080415ec                HAL_NVIC_SetPriority
 .text.HAL_NVIC_EnableIRQ
                0x08041620       0x1c ./Drivers/STM32U5xx_HAL_Driver/Src/stm32u5xx_hal_cortex.o
                0x08041620                HAL_NVIC_EnableIRQ
 .text.HAL_SYSTICK_CLKSourceConfig
                0x0804163c       0xb0 ./Drivers/STM32U5xx_HAL_Driver/Src/stm32u5xx_hal_cortex.o
                0x0804163c                HAL_SYSTICK_CLKSourceConfig
 .text.HAL_EXTI_RegisterCallback
                0x080416ec       0x58 ./Drivers/STM32U5xx_HAL_Driver/Src/stm32u5xx_hal_exti.o
                0x080416ec                HAL_EXTI_RegisterCallback
 .text.HAL_EXTI_GetHandle
                0x08041744       0x28 ./Drivers/STM32U5xx_HAL_Driver/Src/stm32u5xx_hal_exti.o
                0x08041744                HAL_EXTI_GetHandle
 .text.HAL_EXTI_IRQHandler
                0x0804176c       0x90 ./Drivers/STM32U5xx_HAL_Driver/Src/stm32u5xx_hal_exti.o
                0x0804176c                HAL_EXTI_IRQHandler
 .text.HAL_GPIO_Init
                0x080417fc      0x3c0 ./Drivers/STM32U5xx_HAL_Driver/Src/stm32u5xx_hal_gpio.o
                0x080417fc                HAL_GPIO_Init
 .text.HAL_GPIO_WritePin
                0x08041bbc       0x30 ./Drivers/STM32U5xx_HAL_Driver/Src/stm32u5xx_hal_gpio.o
                0x08041bbc                HAL_GPIO_WritePin
 .text.HAL_GPIO_TogglePin
                0x08041bec       0x34 ./Drivers/STM32U5xx_HAL_Driver/Src/stm32u5xx_hal_gpio.o
                0x08041bec                HAL_GPIO_TogglePin
 .text.HAL_ICACHE_ConfigAssociativityMode
                0x08041c20       0x40 ./Drivers/STM32U5xx_HAL_Driver/Src/stm32u5xx_hal_icache.o
                0x08041c20                HAL_ICACHE_ConfigAssociativityMode
 .text.HAL_ICACHE_Enable
                0x08041c60       0x20 ./Drivers/STM32U5xx_HAL_Driver/Src/stm32u5xx_hal_icache.o
                0x08041c60                HAL_ICACHE_Enable
 .text.HAL_PCD_Init
                0x08041c80      0x218 ./Drivers/STM32U5xx_HAL_Driver/Src/stm32u5xx_hal_pcd.o
                0x08041c80                HAL_PCD_Init
 .text.HAL_PCDEx_ActivateLPM
                0x08041e98       0x48 ./Drivers/STM32U5xx_HAL_Driver/Src/stm32u5xx_hal_pcd_ex.o
                0x08041e98                HAL_PCDEx_ActivateLPM
 .text.HAL_PWREx_ControlVoltageScaling
                0x08041ee0       0xfc ./Drivers/STM32U5xx_HAL_Driver/Src/stm32u5xx_hal_pwr_ex.o
                0x08041ee0                HAL_PWREx_ControlVoltageScaling
 .text.HAL_PWREx_GetVoltageRange
                0x08041fdc       0x1c ./Drivers/STM32U5xx_HAL_Driver/Src/stm32u5xx_hal_pwr_ex.o
                0x08041fdc                HAL_PWREx_GetVoltageRange
 .text.HAL_PWREx_ConfigSupply
                0x08041ff8       0xa0 ./Drivers/STM32U5xx_HAL_Driver/Src/stm32u5xx_hal_pwr_ex.o
                0x08041ff8                HAL_PWREx_ConfigSupply
 .text.HAL_PWREx_EnableVddUSB
                0x08042098       0x20 ./Drivers/STM32U5xx_HAL_Driver/Src/stm32u5xx_hal_pwr_ex.o
                0x08042098                HAL_PWREx_EnableVddUSB
 .text.HAL_PWREx_EnableVddIO2
                0x080420b8       0x20 ./Drivers/STM32U5xx_HAL_Driver/Src/stm32u5xx_hal_pwr_ex.o
                0x080420b8                HAL_PWREx_EnableVddIO2
 .text.HAL_PWREx_EnableUSBHSTranceiverSupply
                0x080420d8       0x3c ./Drivers/STM32U5xx_HAL_Driver/Src/stm32u5xx_hal_pwr_ex.o
                0x080420d8                HAL_PWREx_EnableUSBHSTranceiverSupply
 .text.HAL_PWREx_DisableUCPDDeadBattery
                0x08042114       0x20 ./Drivers/STM32U5xx_HAL_Driver/Src/stm32u5xx_hal_pwr_ex.o
                0x08042114                HAL_PWREx_DisableUCPDDeadBattery
 .text.HAL_RCC_OscConfig
                0x08042134      0xdb8 ./Drivers/STM32U5xx_HAL_Driver/Src/stm32u5xx_hal_rcc.o
                0x08042134                HAL_RCC_OscConfig
 .text.HAL_RCC_ClockConfig
                0x08042eec      0x3e4 ./Drivers/STM32U5xx_HAL_Driver/Src/stm32u5xx_hal_rcc.o
                0x08042eec                HAL_RCC_ClockConfig
 .text.HAL_RCC_GetSysClockFreq
                0x080432d0      0x20c ./Drivers/STM32U5xx_HAL_Driver/Src/stm32u5xx_hal_rcc.o
                0x080432d0                HAL_RCC_GetSysClockFreq
 .text.HAL_RCC_GetHCLKFreq
                0x080434dc       0x34 ./Drivers/STM32U5xx_HAL_Driver/Src/stm32u5xx_hal_rcc.o
                0x080434dc                HAL_RCC_GetHCLKFreq
 .text.HAL_RCC_GetPCLK1Freq
                0x08043510       0x28 ./Drivers/STM32U5xx_HAL_Driver/Src/stm32u5xx_hal_rcc.o
                0x08043510                HAL_RCC_GetPCLK1Freq
 .text.HAL_RCC_GetPCLK2Freq
                0x08043538       0x28 ./Drivers/STM32U5xx_HAL_Driver/Src/stm32u5xx_hal_rcc.o
                0x08043538                HAL_RCC_GetPCLK2Freq
 .text.HAL_RCC_GetPCLK3Freq
                0x08043560       0x28 ./Drivers/STM32U5xx_HAL_Driver/Src/stm32u5xx_hal_rcc.o
                0x08043560                HAL_RCC_GetPCLK3Freq
 .text.HAL_RCC_GetClockConfig
                0x08043588       0x70 ./Drivers/STM32U5xx_HAL_Driver/Src/stm32u5xx_hal_rcc.o
                0x08043588                HAL_RCC_GetClockConfig
 .text.RCC_SetFlashLatencyFromMSIRange
                0x080435f8      0x10c ./Drivers/STM32U5xx_HAL_Driver/Src/stm32u5xx_hal_rcc.o
 .text.HAL_RCCEx_PeriphCLKConfig
                0x08043704      0xd78 ./Drivers/STM32U5xx_HAL_Driver/Src/stm32u5xx_hal_rcc_ex.o
                0x08043704                HAL_RCCEx_PeriphCLKConfig
 .text.HAL_RCCEx_GetPLL1ClockFreq
                0x0804447c      0x2b8 ./Drivers/STM32U5xx_HAL_Driver/Src/stm32u5xx_hal_rcc_ex.o
                0x0804447c                HAL_RCCEx_GetPLL1ClockFreq
 .text.HAL_RCCEx_GetPLL2ClockFreq
                0x08044734      0x2b8 ./Drivers/STM32U5xx_HAL_Driver/Src/stm32u5xx_hal_rcc_ex.o
                0x08044734                HAL_RCCEx_GetPLL2ClockFreq
 .text.HAL_RCCEx_GetPLL3ClockFreq
                0x080449ec      0x2b8 ./Drivers/STM32U5xx_HAL_Driver/Src/stm32u5xx_hal_rcc_ex.o
                0x080449ec                HAL_RCCEx_GetPLL3ClockFreq
 .text.HAL_RCCEx_GetPeriphCLKFreq
                0x08044ca4     0x16c4 ./Drivers/STM32U5xx_HAL_Driver/Src/stm32u5xx_hal_rcc_ex.o
                0x08044ca4                HAL_RCCEx_GetPeriphCLKFreq
 .text.RCCEx_PLL2_Config
                0x08046368      0x130 ./Drivers/STM32U5xx_HAL_Driver/Src/stm32u5xx_hal_rcc_ex.o
 .text.RCCEx_PLL3_Config
                0x08046498      0x130 ./Drivers/STM32U5xx_HAL_Driver/Src/stm32u5xx_hal_rcc_ex.o
 .text.HAL_TIM_Base_Init
                0x080465c8       0xae ./Drivers/STM32U5xx_HAL_Driver/Src/stm32u5xx_hal_tim.o
                0x080465c8                HAL_TIM_Base_Init
 .text.HAL_TIM_Base_MspInit
                0x08046676       0x14 ./Drivers/STM32U5xx_HAL_Driver/Src/stm32u5xx_hal_tim.o
                0x08046676                HAL_TIM_Base_MspInit
 *fill*         0x0804668a        0x2 
 .text.HAL_TIM_Base_Start_IT
                0x0804668c      0x140 ./Drivers/STM32U5xx_HAL_Driver/Src/stm32u5xx_hal_tim.o
                0x0804668c                HAL_TIM_Base_Start_IT
 .text.HAL_TIM_IRQHandler
                0x080467cc      0x29e ./Drivers/STM32U5xx_HAL_Driver/Src/stm32u5xx_hal_tim.o
                0x080467cc                HAL_TIM_IRQHandler
 .text.HAL_TIM_OC_DelayElapsedCallback
                0x08046a6a       0x14 ./Drivers/STM32U5xx_HAL_Driver/Src/stm32u5xx_hal_tim.o
                0x08046a6a                HAL_TIM_OC_DelayElapsedCallback
 .text.HAL_TIM_IC_CaptureCallback
                0x08046a7e       0x14 ./Drivers/STM32U5xx_HAL_Driver/Src/stm32u5xx_hal_tim.o
                0x08046a7e                HAL_TIM_IC_CaptureCallback
 .text.HAL_TIM_PWM_PulseFinishedCallback
                0x08046a92       0x14 ./Drivers/STM32U5xx_HAL_Driver/Src/stm32u5xx_hal_tim.o
                0x08046a92                HAL_TIM_PWM_PulseFinishedCallback
 .text.HAL_TIM_TriggerCallback
                0x08046aa6       0x14 ./Drivers/STM32U5xx_HAL_Driver/Src/stm32u5xx_hal_tim.o
                0x08046aa6                HAL_TIM_TriggerCallback
 *fill*         0x08046aba        0x2 
 .text.TIM_Base_SetConfig
                0x08046abc      0x200 ./Drivers/STM32U5xx_HAL_Driver/Src/stm32u5xx_hal_tim.o
                0x08046abc                TIM_Base_SetConfig
 .text.HAL_TIMEx_CommutCallback
                0x08046cbc       0x14 ./Drivers/STM32U5xx_HAL_Driver/Src/stm32u5xx_hal_tim_ex.o
                0x08046cbc                HAL_TIMEx_CommutCallback
 .text.HAL_TIMEx_BreakCallback
                0x08046cd0       0x14 ./Drivers/STM32U5xx_HAL_Driver/Src/stm32u5xx_hal_tim_ex.o
                0x08046cd0                HAL_TIMEx_BreakCallback
 .text.HAL_TIMEx_Break2Callback
                0x08046ce4       0x14 ./Drivers/STM32U5xx_HAL_Driver/Src/stm32u5xx_hal_tim_ex.o
                0x08046ce4                HAL_TIMEx_Break2Callback
 .text.HAL_TIMEx_EncoderIndexCallback
                0x08046cf8       0x14 ./Drivers/STM32U5xx_HAL_Driver/Src/stm32u5xx_hal_tim_ex.o
                0x08046cf8                HAL_TIMEx_EncoderIndexCallback
 .text.HAL_TIMEx_DirectionChangeCallback
                0x08046d0c       0x14 ./Drivers/STM32U5xx_HAL_Driver/Src/stm32u5xx_hal_tim_ex.o
                0x08046d0c                HAL_TIMEx_DirectionChangeCallback
 .text.HAL_TIMEx_IndexErrorCallback
                0x08046d20       0x14 ./Drivers/STM32U5xx_HAL_Driver/Src/stm32u5xx_hal_tim_ex.o
                0x08046d20                HAL_TIMEx_IndexErrorCallback
 .text.HAL_TIMEx_TransitionErrorCallback
                0x08046d34       0x14 ./Drivers/STM32U5xx_HAL_Driver/Src/stm32u5xx_hal_tim_ex.o
                0x08046d34                HAL_TIMEx_TransitionErrorCallback
 .text.HAL_UART_Init
                0x08046d48       0xa0 ./Drivers/STM32U5xx_HAL_Driver/Src/stm32u5xx_hal_uart.o
                0x08046d48                HAL_UART_Init
 .text.HAL_UART_MspInit
                0x08046de8       0x14 ./Drivers/STM32U5xx_HAL_Driver/Src/stm32u5xx_hal_uart.o
                0x08046de8                HAL_UART_MspInit
 .text.HAL_UART_Transmit
                0x08046dfc      0x11c ./Drivers/STM32U5xx_HAL_Driver/Src/stm32u5xx_hal_uart.o
                0x08046dfc                HAL_UART_Transmit
 .text.UART_SetConfig
                0x08046f18      0x35c ./Drivers/STM32U5xx_HAL_Driver/Src/stm32u5xx_hal_uart.o
                0x08046f18                UART_SetConfig
 .text.UART_AdvFeatureConfig
                0x08047274      0x144 ./Drivers/STM32U5xx_HAL_Driver/Src/stm32u5xx_hal_uart.o
                0x08047274                UART_AdvFeatureConfig
 .text.UART_CheckIdleState
                0x080473b8      0x154 ./Drivers/STM32U5xx_HAL_Driver/Src/stm32u5xx_hal_uart.o
                0x080473b8                UART_CheckIdleState
 .text.UART_WaitOnFlagUntilTimeout
                0x0804750c       0xda ./Drivers/STM32U5xx_HAL_Driver/Src/stm32u5xx_hal_uart.o
                0x0804750c                UART_WaitOnFlagUntilTimeout
 .text.UART_EndRxTransfer
                0x080475e6       0xcc ./Drivers/STM32U5xx_HAL_Driver/Src/stm32u5xx_hal_uart.o
 .text.USB_CoreInit
                0x080476b2       0x6a ./Drivers/STM32U5xx_HAL_Driver/Src/stm32u5xx_ll_usb.o
                0x080476b2                USB_CoreInit
 .text.USB_DisableGlobalInt
                0x0804771c       0x22 ./Drivers/STM32U5xx_HAL_Driver/Src/stm32u5xx_ll_usb.o
                0x0804771c                USB_DisableGlobalInt
 .text.USB_SetCurrentMode
                0x0804773e       0x98 ./Drivers/STM32U5xx_HAL_Driver/Src/stm32u5xx_ll_usb.o
                0x0804773e                USB_SetCurrentMode
 *fill*         0x080477d6        0x2 
 .text.USB_DevInit
                0x080477d8      0x2e0 ./Drivers/STM32U5xx_HAL_Driver/Src/stm32u5xx_ll_usb.o
                0x080477d8                USB_DevInit
 .text.USB_FlushTxFifo
                0x08047ab8       0x64 ./Drivers/STM32U5xx_HAL_Driver/Src/stm32u5xx_ll_usb.o
                0x08047ab8                USB_FlushTxFifo
 .text.USB_FlushRxFifo
                0x08047b1c       0x5c ./Drivers/STM32U5xx_HAL_Driver/Src/stm32u5xx_ll_usb.o
                0x08047b1c                USB_FlushRxFifo
 .text.USB_SetDevSpeed
                0x08047b78       0x32 ./Drivers/STM32U5xx_HAL_Driver/Src/stm32u5xx_ll_usb.o
                0x08047b78                USB_SetDevSpeed
 .text.USB_DevDisconnect
                0x08047baa       0x42 ./Drivers/STM32U5xx_HAL_Driver/Src/stm32u5xx_ll_usb.o
                0x08047baa                USB_DevDisconnect
 .text.USB_GetMode
                0x08047bec       0x1c ./Drivers/STM32U5xx_HAL_Driver/Src/stm32u5xx_ll_usb.o
                0x08047bec                USB_GetMode
 .text.USB_CoreReset
                0x08047c08       0x70 ./Drivers/STM32U5xx_HAL_Driver/Src/stm32u5xx_ll_usb.o
 .text.SysTick_Handler
                0x08047c78       0x20 ./Middlewares/Third_Party/FreeRTOS/Source/CMSIS_RTOS_V2/cmsis_os2.o
                0x08047c78                SysTick_Handler
 .text.IRQ_Context
                0x08047c98       0x4e ./Middlewares/Third_Party/FreeRTOS/Source/CMSIS_RTOS_V2/cmsis_os2.o
 *fill*         0x08047ce6        0x2 
 .text.osKernelInitialize
                0x08047ce8       0x4c ./Middlewares/Third_Party/FreeRTOS/Source/CMSIS_RTOS_V2/cmsis_os2.o
                0x08047ce8                osKernelInitialize
 .text.osKernelStart
                0x08047d34       0x50 ./Middlewares/Third_Party/FreeRTOS/Source/CMSIS_RTOS_V2/cmsis_os2.o
                0x08047d34                osKernelStart
 .text.osThreadNew
                0x08047d84      0x124 ./Middlewares/Third_Party/FreeRTOS/Source/CMSIS_RTOS_V2/cmsis_os2.o
                0x08047d84                osThreadNew
 .text.osDelay  0x08047ea8       0x34 ./Middlewares/Third_Party/FreeRTOS/Source/CMSIS_RTOS_V2/cmsis_os2.o
                0x08047ea8                osDelay
 .text.vListInitialise
                0x08047edc       0x40 ./Middlewares/Third_Party/FreeRTOS/Source/list.o
                0x08047edc                vListInitialise
 .text.vListInitialiseItem
                0x08047f1c       0x1a ./Middlewares/Third_Party/FreeRTOS/Source/list.o
                0x08047f1c                vListInitialiseItem
 .text.vListInsert
                0x08047f36       0x72 ./Middlewares/Third_Party/FreeRTOS/Source/list.o
                0x08047f36                vListInsert
 .text.uxListRemove
                0x08047fa8       0x54 ./Middlewares/Third_Party/FreeRTOS/Source/list.o
                0x08047fa8                uxListRemove
 .text.xQueueGenericReset
                0x08047ffc       0xf2 ./Middlewares/Third_Party/FreeRTOS/Source/queue.o
                0x08047ffc                xQueueGenericReset
 .text.xQueueGenericCreateStatic
                0x080480ee       0x92 ./Middlewares/Third_Party/FreeRTOS/Source/queue.o
                0x080480ee                xQueueGenericCreateStatic
 .text.prvInitialiseNewQueue
                0x08048180       0x46 ./Middlewares/Third_Party/FreeRTOS/Source/queue.o
 .text.xQueueReceive
                0x080481c6      0x178 ./Middlewares/Third_Party/FreeRTOS/Source/queue.o
                0x080481c6                xQueueReceive
 .text.prvCopyDataFromQueue
                0x0804833e       0x4c ./Middlewares/Third_Party/FreeRTOS/Source/queue.o
 .text.prvUnlockQueue
                0x0804838a       0xa4 ./Middlewares/Third_Party/FreeRTOS/Source/queue.o
 .text.prvIsQueueEmpty
                0x0804842e       0x2c ./Middlewares/Third_Party/FreeRTOS/Source/queue.o
 *fill*         0x0804845a        0x2 
 .text.vQueueAddToRegistry
                0x0804845c       0x8c ./Middlewares/Third_Party/FreeRTOS/Source/queue.o
                0x0804845c                vQueueAddToRegistry
 .text.vQueueWaitForMessageRestricted
                0x080484e8       0x68 ./Middlewares/Third_Party/FreeRTOS/Source/queue.o
                0x080484e8                vQueueWaitForMessageRestricted
 .text.prvCreateStaticTask
                0x08048550       0x92 ./Middlewares/Third_Party/FreeRTOS/Source/tasks.o
 .text.xTaskCreateStatic
                0x080485e2       0x48 ./Middlewares/Third_Party/FreeRTOS/Source/tasks.o
                0x080485e2                xTaskCreateStatic
 .text.prvCreateTask
                0x0804862a       0x80 ./Middlewares/Third_Party/FreeRTOS/Source/tasks.o
 .text.xTaskCreate
                0x080486aa       0x46 ./Middlewares/Third_Party/FreeRTOS/Source/tasks.o
                0x080486aa                xTaskCreate
 .text.prvInitialiseNewTask
                0x080486f0      0x104 ./Middlewares/Third_Party/FreeRTOS/Source/tasks.o
 .text.prvAddNewTaskToReadyList
                0x080487f4      0x124 ./Middlewares/Third_Party/FreeRTOS/Source/tasks.o
 .text.vTaskDelay
                0x08048918       0x4c ./Middlewares/Third_Party/FreeRTOS/Source/tasks.o
                0x08048918                vTaskDelay
 .text.prvCreateIdleTasks
                0x08048964       0xec ./Middlewares/Third_Party/FreeRTOS/Source/tasks.o
 .text.vTaskStartScheduler
                0x08048a50       0x68 ./Middlewares/Third_Party/FreeRTOS/Source/tasks.o
                0x08048a50                vTaskStartScheduler
 .text.vTaskSuspendAll
                0x08048ab8       0x1c ./Middlewares/Third_Party/FreeRTOS/Source/tasks.o
                0x08048ab8                vTaskSuspendAll
 .text.xTaskResumeAll
                0x08048ad4      0x1f4 ./Middlewares/Third_Party/FreeRTOS/Source/tasks.o
                0x08048ad4                xTaskResumeAll
 .text.xTaskGetTickCount
                0x08048cc8       0x20 ./Middlewares/Third_Party/FreeRTOS/Source/tasks.o
                0x08048cc8                xTaskGetTickCount
 .text.xTaskIncrementTick
                0x08048ce8      0x224 ./Middlewares/Third_Party/FreeRTOS/Source/tasks.o
                0x08048ce8                xTaskIncrementTick
 .text.vTaskSwitchContext
                0x08048f0c       0xac ./Middlewares/Third_Party/FreeRTOS/Source/tasks.o
                0x08048f0c                vTaskSwitchContext
 .text.vTaskPlaceOnEventList
                0x08048fb8       0x3c ./Middlewares/Third_Party/FreeRTOS/Source/tasks.o
                0x08048fb8                vTaskPlaceOnEventList
 .text.vTaskPlaceOnEventListRestricted
                0x08048ff4       0x7c ./Middlewares/Third_Party/FreeRTOS/Source/tasks.o
                0x08048ff4                vTaskPlaceOnEventListRestricted
 .text.xTaskRemoveFromEventList
                0x08049070      0x1a0 ./Middlewares/Third_Party/FreeRTOS/Source/tasks.o
                0x08049070                xTaskRemoveFromEventList
 .text.vTaskInternalSetTimeOutState
                0x08049210       0x2c ./Middlewares/Third_Party/FreeRTOS/Source/tasks.o
                0x08049210                vTaskInternalSetTimeOutState
 .text.xTaskCheckForTimeOut
                0x0804923c       0xd0 ./Middlewares/Third_Party/FreeRTOS/Source/tasks.o
                0x0804923c                xTaskCheckForTimeOut
 .text.vTaskMissedYield
                0x0804930c       0x18 ./Middlewares/Third_Party/FreeRTOS/Source/tasks.o
                0x0804930c                vTaskMissedYield
 .text.prvIdleTask
                0x08049324       0x20 ./Middlewares/Third_Party/FreeRTOS/Source/tasks.o
 .text.prvInitialiseTaskLists
                0x08049344       0x80 ./Middlewares/Third_Party/FreeRTOS/Source/tasks.o
 .text.prvCheckTasksWaitingTermination
                0x080493c4       0x5c ./Middlewares/Third_Party/FreeRTOS/Source/tasks.o
 .text.prvDeleteTCB
                0x08049420       0x50 ./Middlewares/Third_Party/FreeRTOS/Source/tasks.o
 .text.prvResetNextTaskUnblockTime
                0x08049470       0x38 ./Middlewares/Third_Party/FreeRTOS/Source/tasks.o
 .text.xTaskGetSchedulerState
                0x080494a8       0x3c ./Middlewares/Third_Party/FreeRTOS/Source/tasks.o
                0x080494a8                xTaskGetSchedulerState
 .text.prvAddCurrentTaskToDelayedList
                0x080494e4       0xec ./Middlewares/Third_Party/FreeRTOS/Source/tasks.o
 .text.vApplicationGetIdleTaskMemory
                0x080495d0       0x34 ./Middlewares/Third_Party/FreeRTOS/Source/tasks.o
                0x080495d0                vApplicationGetIdleTaskMemory
 .text.vApplicationGetTimerTaskMemory
                0x08049604       0x34 ./Middlewares/Third_Party/FreeRTOS/Source/tasks.o
                0x08049604                vApplicationGetTimerTaskMemory
 .text.xTimerCreateTimerTask
                0x08049638       0x80 ./Middlewares/Third_Party/FreeRTOS/Source/timers.o
                0x08049638                xTimerCreateTimerTask
 .text.prvReloadTimer
                0x080496b8       0x42 ./Middlewares/Third_Party/FreeRTOS/Source/timers.o
 *fill*         0x080496fa        0x2 
 .text.prvProcessExpiredTimer
                0x080496fc       0x60 ./Middlewares/Third_Party/FreeRTOS/Source/timers.o
 .text.prvTimerTask
                0x0804975c       0x26 ./Middlewares/Third_Party/FreeRTOS/Source/timers.o
 *fill*         0x08049782        0x2 
 .text.prvProcessTimerOrBlockTask
                0x08049784       0x8c ./Middlewares/Third_Party/FreeRTOS/Source/timers.o
 .text.prvGetNextExpireTime
                0x08049810       0x48 ./Middlewares/Third_Party/FreeRTOS/Source/timers.o
 .text.prvSampleTimeNow
                0x08049858       0x40 ./Middlewares/Third_Party/FreeRTOS/Source/timers.o
 .text.prvInsertTimerInActiveList
                0x08049898       0x84 ./Middlewares/Third_Party/FreeRTOS/Source/timers.o
 .text.prvProcessReceivedCommands
                0x0804991c      0x1b0 ./Middlewares/Third_Party/FreeRTOS/Source/timers.o
 .text.prvSwitchTimerLists
                0x08049acc       0x4c ./Middlewares/Third_Party/FreeRTOS/Source/timers.o
 .text.prvCheckForValidListAndQueue
                0x08049b18       0x80 ./Middlewares/Third_Party/FreeRTOS/Source/timers.o
 .text.vPortSetupTimerInterrupt
                0x08049b98       0x48 ./Middlewares/Third_Party/FreeRTOS/Source/portable/GCC/ARM_CM33_NTZ/non_secure/port.o
                0x08049b98                vPortSetupTimerInterrupt
 .text.prvTaskExitError
                0x08049be0       0x38 ./Middlewares/Third_Party/FreeRTOS/Source/portable/GCC/ARM_CM33_NTZ/non_secure/port.o
 .text.vPortYield
                0x08049c18       0x24 ./Middlewares/Third_Party/FreeRTOS/Source/portable/GCC/ARM_CM33_NTZ/non_secure/port.o
                0x08049c18                vPortYield
 .text.vPortEnterCritical
                0x08049c3c       0x24 ./Middlewares/Third_Party/FreeRTOS/Source/portable/GCC/ARM_CM33_NTZ/non_secure/port.o
                0x08049c3c                vPortEnterCritical
 .text.vPortExitCritical
                0x08049c60       0x34 ./Middlewares/Third_Party/FreeRTOS/Source/portable/GCC/ARM_CM33_NTZ/non_secure/port.o
                0x08049c60                vPortExitCritical
 .text.xPortSysTickHandler
                0x08049c94       0x30 ./Middlewares/Third_Party/FreeRTOS/Source/portable/GCC/ARM_CM33_NTZ/non_secure/port.o
                0x08049c94                xPortSysTickHandler
 .text.vPortSVCHandler_C
                0x08049cc4       0x32 ./Middlewares/Third_Party/FreeRTOS/Source/portable/GCC/ARM_CM33_NTZ/non_secure/port.o
                0x08049cc4                vPortSVCHandler_C
 *fill*         0x08049cf6        0x2 
 .text.pxPortInitialiseStack
                0x08049cf8      0x114 ./Middlewares/Third_Party/FreeRTOS/Source/portable/GCC/ARM_CM33_NTZ/non_secure/port.o
                0x08049cf8                pxPortInitialiseStack
 .text.xPortStartScheduler
                0x08049e0c      0x12c ./Middlewares/Third_Party/FreeRTOS/Source/portable/GCC/ARM_CM33_NTZ/non_secure/port.o
                0x08049e0c                xPortStartScheduler
 .text.vRestoreContextOfFirstTask
                0x08049f38       0x34 ./Middlewares/Third_Party/FreeRTOS/Source/portable/GCC/ARM_CM33_NTZ/non_secure/portasm.o
                0x08049f38                vRestoreContextOfFirstTask
 .text.vStartFirstTask
                0x08049f6c       0x20 ./Middlewares/Third_Party/FreeRTOS/Source/portable/GCC/ARM_CM33_NTZ/non_secure/portasm.o
                0x08049f6c                vStartFirstTask
 .text.ulSetInterruptMask
                0x08049f8c       0x1a ./Middlewares/Third_Party/FreeRTOS/Source/portable/GCC/ARM_CM33_NTZ/non_secure/portasm.o
                0x08049f8c                ulSetInterruptMask
 .text.vClearInterruptMask
                0x08049fa6       0x10 ./Middlewares/Third_Party/FreeRTOS/Source/portable/GCC/ARM_CM33_NTZ/non_secure/portasm.o
                0x08049fa6                vClearInterruptMask
 *fill*         0x08049fb6        0x2 
 .text.PendSV_Handler
                0x08049fb8       0x4c ./Middlewares/Third_Party/FreeRTOS/Source/portable/GCC/ARM_CM33_NTZ/non_secure/portasm.o
                0x08049fb8                PendSV_Handler
 .text.SVC_Handler
                0x0804a004       0x18 ./Middlewares/Third_Party/FreeRTOS/Source/portable/GCC/ARM_CM33_NTZ/non_secure/portasm.o
                0x0804a004                SVC_Handler
 .text.pvPortMalloc
                0x0804a01c      0x20c ./Middlewares/Third_Party/FreeRTOS/Source/portable/MemMang/heap_4.o
                0x0804a01c                pvPortMalloc
 .text.vPortFree
                0x0804a228       0xbc ./Middlewares/Third_Party/FreeRTOS/Source/portable/MemMang/heap_4.o
                0x0804a228                vPortFree
 .text.prvHeapInit
                0x0804a2e4       0xb4 ./Middlewares/Third_Party/FreeRTOS/Source/portable/MemMang/heap_4.o
 .text.prvInsertBlockIntoFreeList
                0x0804a398       0xe0 ./Middlewares/Third_Party/FreeRTOS/Source/portable/MemMang/heap_4.o
 .text.std      0x0804a478       0x6c /Applications/STM32CubeIDE.app/Contents/Eclipse/plugins/com.st.stm32cube.ide.mcu.externaltools.gnu-tools-for-stm32.14.3.rel1.macosaarch64_1.0.0.202602081740/tools/bin/../lib/gcc/arm-none-eabi/14.3.1/../../../../arm-none-eabi/lib/thumb/v8-m.main+fp/hard/libc_nano.a(libc_a-findfp.o)
 .text.stdio_exit_handler
                0x0804a4e4       0x18 /Applications/STM32CubeIDE.app/Contents/Eclipse/plugins/com.st.stm32cube.ide.mcu.externaltools.gnu-tools-for-stm32.14.3.rel1.macosaarch64_1.0.0.202602081740/tools/bin/../lib/gcc/arm-none-eabi/14.3.1/../../../../arm-none-eabi/lib/thumb/v8-m.main+fp/hard/libc_nano.a(libc_a-findfp.o)
 .text.cleanup_stdio
                0x0804a4fc       0x40 /Applications/STM32CubeIDE.app/Contents/Eclipse/plugins/com.st.stm32cube.ide.mcu.externaltools.gnu-tools-for-stm32.14.3.rel1.macosaarch64_1.0.0.202602081740/tools/bin/../lib/gcc/arm-none-eabi/14.3.1/../../../../arm-none-eabi/lib/thumb/v8-m.main+fp/hard/libc_nano.a(libc_a-findfp.o)
 .text.global_stdio_init.part.0
                0x0804a53c       0x40 /Applications/STM32CubeIDE.app/Contents/Eclipse/plugins/com.st.stm32cube.ide.mcu.externaltools.gnu-tools-for-stm32.14.3.rel1.macosaarch64_1.0.0.202602081740/tools/bin/../lib/gcc/arm-none-eabi/14.3.1/../../../../arm-none-eabi/lib/thumb/v8-m.main+fp/hard/libc_nano.a(libc_a-findfp.o)
 .text.__sfp_lock_acquire
                0x0804a57c        0xc /Applications/STM32CubeIDE.app/Contents/Eclipse/plugins/com.st.stm32cube.ide.mcu.externaltools.gnu-tools-for-stm32.14.3.rel1.macosaarch64_1.0.0.202602081740/tools/bin/../lib/gcc/arm-none-eabi/14.3.1/../../../../arm-none-eabi/lib/thumb/v8-m.main+fp/hard/libc_nano.a(libc_a-findfp.o)
                0x0804a57c                __sfp_lock_acquire
 .text.__sfp_lock_release
                0x0804a588        0xc /Applications/STM32CubeIDE.app/Contents/Eclipse/plugins/com.st.stm32cube.ide.mcu.externaltools.gnu-tools-for-stm32.14.3.rel1.macosaarch64_1.0.0.202602081740/tools/bin/../lib/gcc/arm-none-eabi/14.3.1/../../../../arm-none-eabi/lib/thumb/v8-m.main+fp/hard/libc_nano.a(libc_a-findfp.o)
                0x0804a588                __sfp_lock_release
 .text.__sinit  0x0804a594       0x30 /Applications/STM32CubeIDE.app/Contents/Eclipse/plugins/com.st.stm32cube.ide.mcu.externaltools.gnu-tools-for-stm32.14.3.rel1.macosaarch64_1.0.0.202602081740/tools/bin/../lib/gcc/arm-none-eabi/14.3.1/../../../../arm-none-eabi/lib/thumb/v8-m.main+fp/hard/libc_nano.a(libc_a-findfp.o)
                0x0804a594                __sinit
 .text._fwalk_sglue
                0x0804a5c4       0x3c /Applications/STM32CubeIDE.app/Contents/Eclipse/plugins/com.st.stm32cube.ide.mcu.externaltools.gnu-tools-for-stm32.14.3.rel1.macosaarch64_1.0.0.202602081740/tools/bin/../lib/gcc/arm-none-eabi/14.3.1/../../../../arm-none-eabi/lib/thumb/v8-m.main+fp/hard/libc_nano.a(libc_a-fwalk.o)
                0x0804a5c4                _fwalk_sglue
 .text._puts_r  0x0804a600       0xaa /Applications/STM32CubeIDE.app/Contents/Eclipse/plugins/com.st.stm32cube.ide.mcu.externaltools.gnu-tools-for-stm32.14.3.rel1.macosaarch64_1.0.0.202602081740/tools/bin/../lib/gcc/arm-none-eabi/14.3.1/../../../../arm-none-eabi/lib/thumb/v8-m.main+fp/hard/libc_nano.a(libc_a-puts.o)
                0x0804a600                _puts_r
 *fill*         0x0804a6aa        0x2 
 .text.puts     0x0804a6ac       0x10 /Applications/STM32CubeIDE.app/Contents/Eclipse/plugins/com.st.stm32cube.ide.mcu.externaltools.gnu-tools-for-stm32.14.3.rel1.macosaarch64_1.0.0.202602081740/tools/bin/../lib/gcc/arm-none-eabi/14.3.1/../../../../arm-none-eabi/lib/thumb/v8-m.main+fp/hard/libc_nano.a(libc_a-puts.o)
                0x0804a6ac                puts
 .text.memset   0x0804a6bc       0x10 /Applications/STM32CubeIDE.app/Contents/Eclipse/plugins/com.st.stm32cube.ide.mcu.externaltools.gnu-tools-for-stm32.14.3.rel1.macosaarch64_1.0.0.202602081740/tools/bin/../lib/gcc/arm-none-eabi/14.3.1/../../../../arm-none-eabi/lib/thumb/v8-m.main+fp/hard/libc_nano.a(libc_a-memset.o)
                0x0804a6bc                memset
 .text.__errno  0x0804a6cc        0xc /Applications/STM32CubeIDE.app/Contents/Eclipse/plugins/com.st.stm32cube.ide.mcu.externaltools.gnu-tools-for-stm32.14.3.rel1.macosaarch64_1.0.0.202602081740/tools/bin/../lib/gcc/arm-none-eabi/14.3.1/../../../../arm-none-eabi/lib/thumb/v8-m.main+fp/hard/libc_nano.a(libc_a-errno.o)
                0x0804a6cc                __errno
 .text.__libc_init_array
                0x0804a6d8       0x48 /Applications/STM32CubeIDE.app/Contents/Eclipse/plugins/com.st.stm32cube.ide.mcu.externaltools.gnu-tools-for-stm32.14.3.rel1.macosaarch64_1.0.0.202602081740/tools/bin/../lib/gcc/arm-none-eabi/14.3.1/../../../../arm-none-eabi/lib/thumb/v8-m.main+fp/hard/libc_nano.a(libc_a-init.o)
                0x0804a6d8                __libc_init_array
 .text.__retarget_lock_init_recursive
                0x0804a720        0x2 /Applications/STM32CubeIDE.app/Contents/Eclipse/plugins/com.st.stm32cube.ide.mcu.externaltools.gnu-tools-for-stm32.14.3.rel1.macosaarch64_1.0.0.202602081740/tools/bin/../lib/gcc/arm-none-eabi/14.3.1/../../../../arm-none-eabi/lib/thumb/v8-m.main+fp/hard/libc_nano.a(libc_a-lock.o)
                0x0804a720                __retarget_lock_init_recursive
 .text.__retarget_lock_acquire_recursive
                0x0804a722        0x2 /Applications/STM32CubeIDE.app/Contents/Eclipse/plugins/com.st.stm32cube.ide.mcu.externaltools.gnu-tools-for-stm32.14.3.rel1.macosaarch64_1.0.0.202602081740/tools/bin/../lib/gcc/arm-none-eabi/14.3.1/../../../../arm-none-eabi/lib/thumb/v8-m.main+fp/hard/libc_nano.a(libc_a-lock.o)
                0x0804a722                __retarget_lock_acquire_recursive
 .text.__retarget_lock_release_recursive
                0x0804a724        0x2 /Applications/STM32CubeIDE.app/Contents/Eclipse/plugins/com.st.stm32cube.ide.mcu.externaltools.gnu-tools-for-stm32.14.3.rel1.macosaarch64_1.0.0.202602081740/tools/bin/../lib/gcc/arm-none-eabi/14.3.1/../../../../arm-none-eabi/lib/thumb/v8-m.main+fp/hard/libc_nano.a(libc_a-lock.o)
                0x0804a724                __retarget_lock_release_recursive
 .text.memcpy   0x0804a726       0x1a /Applications/STM32CubeIDE.app/Contents/Eclipse/plugins/com.st.stm32cube.ide.mcu.externaltools.gnu-tools-for-stm32.14.3.rel1.macosaarch64_1.0.0.202602081740/tools/bin/../lib/gcc/arm-none-eabi/14.3.1/../../../../arm-none-eabi/lib/thumb/v8-m.main+fp/hard/libc_nano.a(libc_a-memcpy-stub.o)
                0x0804a726                memcpy
 .text.sbrk_aligned
                0x0804a740       0x44 /Applications/STM32CubeIDE.app/Contents/Eclipse/plugins/com.st.stm32cube.ide.mcu.externaltools.gnu-tools-for-stm32.14.3.rel1.macosaarch64_1.0.0.202602081740/tools/bin/../lib/gcc/arm-none-eabi/14.3.1/../../../../arm-none-eabi/lib/thumb/v8-m.main+fp/hard/libc_nano.a(libc_a-mallocr.o)
 .text._malloc_r
                0x0804a784      0x100 /Applications/STM32CubeIDE.app/Contents/Eclipse/plugins/com.st.stm32cube.ide.mcu.externaltools.gnu-tools-for-stm32.14.3.rel1.macosaarch64_1.0.0.202602081740/tools/bin/../lib/gcc/arm-none-eabi/14.3.1/../../../../arm-none-eabi/lib/thumb/v8-m.main+fp/hard/libc_nano.a(libc_a-mallocr.o)
                0x0804a784                _malloc_r
 .text.__sflush_r
                0x0804a884      0x100 /Applications/STM32CubeIDE.app/Contents/Eclipse/plugins/com.st.stm32cube.ide.mcu.externaltools.gnu-tools-for-stm32.14.3.rel1.macosaarch64_1.0.0.202602081740/tools/bin/../lib/gcc/arm-none-eabi/14.3.1/../../../../arm-none-eabi/lib/thumb/v8-m.main+fp/hard/libc_nano.a(libc_a-fflush.o)
                0x0804a884                __sflush_r
 .text._fflush_r
                0x0804a984       0x50 /Applications/STM32CubeIDE.app/Contents/Eclipse/plugins/com.st.stm32cube.ide.mcu.externaltools.gnu-tools-for-stm32.14.3.rel1.macosaarch64_1.0.0.202602081740/tools/bin/../lib/gcc/arm-none-eabi/14.3.1/../../../../arm-none-eabi/lib/thumb/v8-m.main+fp/hard/libc_nano.a(libc_a-fflush.o)
                0x0804a984                _fflush_r
 .text.__malloc_lock
                0x0804a9d4        0xc /Applications/STM32CubeIDE.app/Contents/Eclipse/plugins/com.st.stm32cube.ide.mcu.externaltools.gnu-tools-for-stm32.14.3.rel1.macosaarch64_1.0.0.202602081740/tools/bin/../lib/gcc/arm-none-eabi/14.3.1/../../../../arm-none-eabi/lib/thumb/v8-m.main+fp/hard/libc_nano.a(libc_a-mlock.o)
                0x0804a9d4                __malloc_lock
 .text.__malloc_unlock
                0x0804a9e0        0xc /Applications/STM32CubeIDE.app/Contents/Eclipse/plugins/com.st.stm32cube.ide.mcu.externaltools.gnu-tools-for-stm32.14.3.rel1.macosaarch64_1.0.0.202602081740/tools/bin/../lib/gcc/arm-none-eabi/14.3.1/../../../../arm-none-eabi/lib/thumb/v8-m.main+fp/hard/libc_nano.a(libc_a-mlock.o)
                0x0804a9e0                __malloc_unlock
 .text.__sread  0x0804a9ec       0x22 /Applications/STM32CubeIDE.app/Contents/Eclipse/plugins/com.st.stm32cube.ide.mcu.externaltools.gnu-tools-for-stm32.14.3.rel1.macosaarch64_1.0.0.202602081740/tools/bin/../lib/gcc/arm-none-eabi/14.3.1/../../../../arm-none-eabi/lib/thumb/v8-m.main+fp/hard/libc_nano.a(libc_a-stdio.o)
                0x0804a9ec                __sread
 .text.__swrite
                0x0804aa0e       0x38 /Applications/STM32CubeIDE.app/Contents/Eclipse/plugins/com.st.stm32cube.ide.mcu.externaltools.gnu-tools-for-stm32.14.3.rel1.macosaarch64_1.0.0.202602081740/tools/bin/../lib/gcc/arm-none-eabi/14.3.1/../../../../arm-none-eabi/lib/thumb/v8-m.main+fp/hard/libc_nano.a(libc_a-stdio.o)
                0x0804aa0e                __swrite
 .text.__sseek  0x0804aa46       0x26 /Applications/STM32CubeIDE.app/Contents/Eclipse/plugins/com.st.stm32cube.ide.mcu.externaltools.gnu-tools-for-stm32.14.3.rel1.macosaarch64_1.0.0.202602081740/tools/bin/../lib/gcc/arm-none-eabi/14.3.1/../../../../arm-none-eabi/lib/thumb/v8-m.main+fp/hard/libc_nano.a(libc_a-stdio.o)
                0x0804aa46                __sseek
 .text.__sclose
                0x0804aa6c        0x8 /Applications/STM32CubeIDE.app/Contents/Eclipse/plugins/com.st.stm32cube.ide.mcu.externaltools.gnu-tools-for-stm32.14.3.rel1.macosaarch64_1.0.0.202602081740/tools/bin/../lib/gcc/arm-none-eabi/14.3.1/../../../../arm-none-eabi/lib/thumb/v8-m.main+fp/hard/libc_nano.a(libc_a-stdio.o)
                0x0804aa6c                __sclose
 .text.__swbuf_r
                0x0804aa74       0x7c /Applications/STM32CubeIDE.app/Contents/Eclipse/plugins/com.st.stm32cube.ide.mcu.externaltools.gnu-tools-for-stm32.14.3.rel1.macosaarch64_1.0.0.202602081740/tools/bin/../lib/gcc/arm-none-eabi/14.3.1/../../../../arm-none-eabi/lib/thumb/v8-m.main+fp/hard/libc_nano.a(libc_a-wbuf.o)
                0x0804aa74                __swbuf_r
 .text.__swsetup_r
                0x0804aaf0       0xa8 /Applications/STM32CubeIDE.app/Contents/Eclipse/plugins/com.st.stm32cube.ide.mcu.externaltools.gnu-tools-for-stm32.14.3.rel1.macosaarch64_1.0.0.202602081740/tools/bin/../lib/gcc/arm-none-eabi/14.3.1/../../../../arm-none-eabi/lib/thumb/v8-m.main+fp/hard/libc_nano.a(libc_a-wsetup.o)
                0x0804aaf0                __swsetup_r
 .text.__swhatbuf_r
                0x0804ab98       0x48 /Applications/STM32CubeIDE.app/Contents/Eclipse/plugins/com.st.stm32cube.ide.mcu.externaltools.gnu-tools-for-stm32.14.3.rel1.macosaarch64_1.0.0.202602081740/tools/bin/../lib/gcc/arm-none-eabi/14.3.1/../../../../arm-none-eabi/lib/thumb/v8-m.main+fp/hard/libc_nano.a(libc_a-makebuf.o)
                0x0804ab98                __swhatbuf_r
 .text.__smakebuf_r
                0x0804abe0       0x72 /Applications/STM32CubeIDE.app/Contents/Eclipse/plugins/com.st.stm32cube.ide.mcu.externaltools.gnu-tools-for-stm32.14.3.rel1.macosaarch64_1.0.0.202602081740/tools/bin/../lib/gcc/arm-none-eabi/14.3.1/../../../../arm-none-eabi/lib/thumb/v8-m.main+fp/hard/libc_nano.a(libc_a-makebuf.o)
                0x0804abe0                __smakebuf_r
 *fill*         0x0804ac52        0x2 
 .text._isatty_r
                0x0804ac54       0x20 /Applications/STM32CubeIDE.app/Contents/Eclipse/plugins/com.st.stm32cube.ide.mcu.externaltools.gnu-tools-for-stm32.14.3.rel1.macosaarch64_1.0.0.202602081740/tools/bin/../lib/gcc/arm-none-eabi/14.3.1/../../../../arm-none-eabi/lib/thumb/v8-m.main+fp/hard/libc_nano.a(libc_a-isattyr.o)
                0x0804ac54                _isatty_r
 .text._lseek_r
                0x0804ac74       0x24 /Applications/STM32CubeIDE.app/Contents/Eclipse/plugins/com.st.stm32cube.ide.mcu.externaltools.gnu-tools-for-stm32.14.3.rel1.macosaarch64_1.0.0.202602081740/tools/bin/../lib/gcc/arm-none-eabi/14.3.1/../../../../arm-none-eabi/lib/thumb/v8-m.main+fp/hard/libc_nano.a(libc_a-lseekr.o)
                0x0804ac74                _lseek_r
 .text._read_r  0x0804ac98       0x24 /Applications/STM32CubeIDE.app/Contents/Eclipse/plugins/com.st.stm32cube.ide.mcu.externaltools.gnu-tools-for-stm32.14.3.rel1.macosaarch64_1.0.0.202602081740/tools/bin/../lib/gcc/arm-none-eabi/14.3.1/../../../../arm-none-eabi/lib/thumb/v8-m.main+fp/hard/libc_nano.a(libc_a-readr.o)
                0x0804ac98                _read_r
 .text._sbrk_r  0x0804acbc       0x20 /Applications/STM32CubeIDE.app/Contents/Eclipse/plugins/com.st.stm32cube.ide.mcu.externaltools.gnu-tools-for-stm32.14.3.rel1.macosaarch64_1.0.0.202602081740/tools/bin/../lib/gcc/arm-none-eabi/14.3.1/../../../../arm-none-eabi/lib/thumb/v8-m.main+fp/hard/libc_nano.a(libc_a-sbrkr.o)
                0x0804acbc                _sbrk_r
 .text._write_r
                0x0804acdc       0x24 /Applications/STM32CubeIDE.app/Contents/Eclipse/plugins/com.st.stm32cube.ide.mcu.externaltools.gnu-tools-for-stm32.14.3.rel1.macosaarch64_1.0.0.202602081740/tools/bin/../lib/gcc/arm-none-eabi/14.3.1/../../../../arm-none-eabi/lib/thumb/v8-m.main+fp/hard/libc_nano.a(libc_a-writer.o)
                0x0804acdc                _write_r
 .text._close_r
                0x0804ad00       0x20 /Applications/STM32CubeIDE.app/Contents/Eclipse/plugins/com.st.stm32cube.ide.mcu.externaltools.gnu-tools-for-stm32.14.3.rel1.macosaarch64_1.0.0.202602081740/tools/bin/../lib/gcc/arm-none-eabi/14.3.1/../../../../arm-none-eabi/lib/thumb/v8-m.main+fp/hard/libc_nano.a(libc_a-closer.o)
                0x0804ad00                _close_r
 .text._fstat_r
                0x0804ad20       0x24 /Applications/STM32CubeIDE.app/Contents/Eclipse/plugins/com.st.stm32cube.ide.mcu.externaltools.gnu-tools-for-stm32.14.3.rel1.macosaarch64_1.0.0.202602081740/tools/bin/../lib/gcc/arm-none-eabi/14.3.1/../../../../arm-none-eabi/lib/thumb/v8-m.main+fp/hard/libc_nano.a(libc_a-fstatr.o)
                0x0804ad20                _fstat_r
 .text._free_r  0x0804ad44       0x94 /Applications/STM32CubeIDE.app/Contents/Eclipse/plugins/com.st.stm32cube.ide.mcu.externaltools.gnu-tools-for-stm32.14.3.rel1.macosaarch64_1.0.0.202602081740/tools/bin/../lib/gcc/arm-none-eabi/14.3.1/../../../../arm-none-eabi/lib/thumb/v8-m.main+fp/hard/libc_nano.a(libc_a-freer.o)
                0x0804ad44                _free_r
 *(.glue_7)
 .glue_7        0x0804add8        0x0 linker stubs
 *(.glue_7t)
 .glue_7t       0x0804add8        0x0 linker stubs
 *(.eh_frame)
 .eh_frame      0x0804add8        0x0 /Applications/STM32CubeIDE.app/Contents/Eclipse/plugins/com.st.stm32cube.ide.mcu.externaltools.gnu-tools-for-stm32.14.3.rel1.macosaarch64_1.0.0.202602081740/tools/bin/../lib/gcc/arm-none-eabi/14.3.1/thumb/v8-m.main+fp/hard/crtbegin.o
 *(.init)
 .init          0x0804add8        0x4 /Applications/STM32CubeIDE.app/Contents/Eclipse/plugins/com.st.stm32cube.ide.mcu.externaltools.gnu-tools-for-stm32.14.3.rel1.macosaarch64_1.0.0.202602081740/tools/bin/../lib/gcc/arm-none-eabi/14.3.1/thumb/v8-m.main+fp/hard/crti.o
                0x0804add8                _init
 .init          0x0804addc        0x8 /Applications/STM32CubeIDE.app/Contents/Eclipse/plugins/com.st.stm32cube.ide.mcu.externaltools.gnu-tools-for-stm32.14.3.rel1.macosaarch64_1.0.0.202602081740/tools/bin/../lib/gcc/arm-none-eabi/14.3.1/thumb/v8-m.main+fp/hard/crtn.o
 *(.fini)
 .fini          0x0804ade4        0x4 /Applications/STM32CubeIDE.app/Contents/Eclipse/plugins/com.st.stm32cube.ide.mcu.externaltools.gnu-tools-for-stm32.14.3.rel1.macosaarch64_1.0.0.202602081740/tools/bin/../lib/gcc/arm-none-eabi/14.3.1/thumb/v8-m.main+fp/hard/crti.o
                0x0804ade4                _fini
 .fini          0x0804ade8        0x8 /Applications/STM32CubeIDE.app/Contents/Eclipse/plugins/com.st.stm32cube.ide.mcu.externaltools.gnu-tools-for-stm32.14.3.rel1.macosaarch64_1.0.0.202602081740/tools/bin/../lib/gcc/arm-none-eabi/14.3.1/thumb/v8-m.main+fp/hard/crtn.o
                0x0804adf0                        _etext = .

.vfp11_veneer   0x0804adf0        0x0
 .vfp11_veneer  0x0804adf0        0x0 linker stubs

.v4_bx          0x0804adf0        0x0
 .v4_bx         0x0804adf0        0x0 linker stubs

.iplt           0x0804adf0        0x0
 .iplt          0x0804adf0        0x0 /Applications/STM32CubeIDE.app/Contents/Eclipse/plugins/com.st.stm32cube.ide.mcu.externaltools.gnu-tools-for-stm32.14.3.rel1.macosaarch64_1.0.0.202602081740/tools/bin/../lib/gcc/arm-none-eabi/14.3.1/thumb/v8-m.main+fp/hard/crtbegin.o

.rodata         0x0804adf0      0x1bc
 *(.rodata)
 .rodata        0x0804adf0       0x59 ./Core/Src/app_freertos.o
 *fill*         0x0804ae49        0x3 
 .rodata        0x0804ae4c       0x21 ./Core/Src/main.o
 *fill*         0x0804ae6d        0x3 
 .rodata        0x0804ae70        0x5 ./Middlewares/Third_Party/FreeRTOS/Source/tasks.o
 *fill*         0x0804ae75        0x3 
 .rodata        0x0804ae78        0xd ./Middlewares/Third_Party/FreeRTOS/Source/timers.o
 *(.rodata*)
 *fill*         0x0804ae85        0x3 
 .rodata.defaultTask_attributes
                0x0804ae88       0x24 ./Core/Src/app_freertos.o
                0x0804ae88                defaultTask_attributes
 .rodata.AHBPrescTable
                0x0804aeac       0x10 ./Core/Src/system_stm32u5xx.o
                0x0804aeac                AHBPrescTable
 .rodata.APBPrescTable
                0x0804aebc        0x8 ./Core/Src/system_stm32u5xx.o
                0x0804aebc                APBPrescTable
 .rodata.MSIRangeTable
                0x0804aec4       0x40 ./Core/Src/system_stm32u5xx.o
                0x0804aec4                MSIRangeTable
 .rodata.LED_PIN
                0x0804af04        0x6 ./Drivers/BSP/STM32U5xx_Nucleo/stm32u5xx_nucleo.o
 *fill*         0x0804af0a        0x2 
 .rodata.BUTTON_EXTI_LINE.2
                0x0804af0c        0x4 ./Drivers/BSP/STM32U5xx_Nucleo/stm32u5xx_nucleo.o
 .rodata.LPGPIO_Map
                0x0804af10       0x80 ./Drivers/STM32U5xx_HAL_Driver/Src/stm32u5xx_hal_gpio.o
 .rodata.UARTPrescTable
                0x0804af90       0x18 ./Drivers/STM32U5xx_HAL_Driver/Src/stm32u5xx_hal_uart.o
                0x0804af90                UARTPrescTable
 .rodata.uxTopUsedPriority
                0x0804afa8        0x4 ./Middlewares/Third_Party/FreeRTOS/Source/tasks.o

.ARM.extab
 *(.ARM.extab* .gnu.linkonce.armextab.*)

.ARM            0x0804afac        0x8
                0x0804afac                        __exidx_start = .
 *(.ARM.exidx*)
 .ARM.exidx     0x0804afac        0x8 /Applications/STM32CubeIDE.app/Contents/Eclipse/plugins/com.st.stm32cube.ide.mcu.externaltools.gnu-tools-for-stm32.14.3.rel1.macosaarch64_1.0.0.202602081740/tools/bin/../lib/gcc/arm-none-eabi/14.3.1/thumb/v8-m.main+fp/hard/libgcc.a(_udivmoddi4.o)
                0x0804afb4                        __exidx_end = .

.preinit_array  0x0804afb4        0x0
                0x0804afb4                        PROVIDE (__preinit_array_start = .)
 *(.preinit_array*)
                0x0804afb4                        PROVIDE (__preinit_array_end = .)

.init_array     0x0804afb4        0x4
                0x0804afb4                        PROVIDE (__init_array_start = .)
 *(SORT_BY_NAME(.init_array.*))
 *(.init_array*)
 .init_array    0x0804afb4        0x4 /Applications/STM32CubeIDE.app/Contents/Eclipse/plugins/com.st.stm32cube.ide.mcu.externaltools.gnu-tools-for-stm32.14.3.rel1.macosaarch64_1.0.0.202602081740/tools/bin/../lib/gcc/arm-none-eabi/14.3.1/thumb/v8-m.main+fp/hard/crtbegin.o
                0x0804afb8                        PROVIDE (__init_array_end = .)

.fini_array     0x0804afb8        0x4
                [!provide]                        PROVIDE (__fini_array_start = .)
 *(SORT_BY_NAME(.fini_array.*))
 *(.fini_array*)
 .fini_array    0x0804afb8        0x4 /Applications/STM32CubeIDE.app/Contents/Eclipse/plugins/com.st.stm32cube.ide.mcu.externaltools.gnu-tools-for-stm32.14.3.rel1.macosaarch64_1.0.0.202602081740/tools/bin/../lib/gcc/arm-none-eabi/14.3.1/thumb/v8-m.main+fp/hard/crtbegin.o
                [!provide]                        PROVIDE (__fini_array_end = .)
                0x0804afbc                        _sidata = LOADADDR (.data)

.rel.dyn        0x0804afbc        0x0
 .rel.iplt      0x0804afbc        0x0 /Applications/STM32CubeIDE.app/Contents/Eclipse/plugins/com.st.stm32cube.ide.mcu.externaltools.gnu-tools-for-stm32.14.3.rel1.macosaarch64_1.0.0.202602081740/tools/bin/../lib/gcc/arm-none-eabi/14.3.1/thumb/v8-m.main+fp/hard/crtbegin.o

.data           0x20000000       0x88 load address 0x0804afbc
                0x20000000                        _sdata = .
 *(.data)
 *(.data*)
 .data.SystemCoreClock
                0x20000000        0x4 ./Core/Src/system_stm32u5xx.o
                0x20000000                SystemCoreClock
 .data.COM_USART
                0x20000004        0x4 ./Drivers/BSP/STM32U5xx_Nucleo/stm32u5xx_nucleo.o
                0x20000004                COM_USART
 .data.LED_PORT
                0x20000008        0xc ./Drivers/BSP/STM32U5xx_Nucleo/stm32u5xx_nucleo.o
 .data.BUTTON_PORT
                0x20000014        0x4 ./Drivers/BSP/STM32U5xx_Nucleo/stm32u5xx_nucleo.o
 .data.ButtonCallback.1
                0x20000018        0x4 ./Drivers/BSP/STM32U5xx_Nucleo/stm32u5xx_nucleo.o
 .data.BSP_BUTTON_PRIO.0
                0x2000001c        0x4 ./Drivers/BSP/STM32U5xx_Nucleo/stm32u5xx_nucleo.o
 .data.uwTickPrio
                0x20000020        0x4 ./Drivers/STM32U5xx_HAL_Driver/Src/stm32u5xx_hal.o
                0x20000020                uwTickPrio
 .data.uwTickFreq
                0x20000024        0x1 ./Drivers/STM32U5xx_HAL_Driver/Src/stm32u5xx_hal.o
                0x20000024                uwTickFreq
 *fill*         0x20000025        0x3 
 .data.ulCriticalNesting
                0x20000028        0x4 ./Middlewares/Third_Party/FreeRTOS/Source/portable/GCC/ARM_CM33_NTZ/non_secure/port.o
 .data.__sglue  0x2000002c        0xc /Applications/STM32CubeIDE.app/Contents/Eclipse/plugins/com.st.stm32cube.ide.mcu.externaltools.gnu-tools-for-stm32.14.3.rel1.macosaarch64_1.0.0.202602081740/tools/bin/../lib/gcc/arm-none-eabi/14.3.1/../../../../arm-none-eabi/lib/thumb/v8-m.main+fp/hard/libc_nano.a(libc_a-findfp.o)
                0x2000002c                __sglue
 .data._impure_ptr
                0x20000038        0x4 /Applications/STM32CubeIDE.app/Contents/Eclipse/plugins/com.st.stm32cube.ide.mcu.externaltools.gnu-tools-for-stm32.14.3.rel1.macosaarch64_1.0.0.202602081740/tools/bin/../lib/gcc/arm-none-eabi/14.3.1/../../../../arm-none-eabi/lib/thumb/v8-m.main+fp/hard/libc_nano.a(libc_a-impure.o)
                0x20000038                _impure_ptr
 .data._impure_data
                0x2000003c       0x4c /Applications/STM32CubeIDE.app/Contents/Eclipse/plugins/com.st.stm32cube.ide.mcu.externaltools.gnu-tools-for-stm32.14.3.rel1.macosaarch64_1.0.0.202602081740/tools/bin/../lib/gcc/arm-none-eabi/14.3.1/../../../../arm-none-eabi/lib/thumb/v8-m.main+fp/hard/libc_nano.a(libc_a-impure.o)
                0x2000003c                _impure_data
 *(.RamFunc)
 *(.RamFunc*)
                0x20000088                        _edata = .

.igot.plt       0x20000088        0x0 load address 0x0804b044
 .igot.plt      0x20000088        0x0 /Applications/STM32CubeIDE.app/Contents/Eclipse/plugins/com.st.stm32cube.ide.mcu.externaltools.gnu-tools-for-stm32.14.3.rel1.macosaarch64_1.0.0.202602081740/tools/bin/../lib/gcc/arm-none-eabi/14.3.1/thumb/v8-m.main+fp/hard/crtbegin.o

.bss            0x20000088     0x32a4 load address 0x0804b044
                0x20000088                        _sbss = .
                0x20000088                        __bss_start__ = _sbss
 *(.bss)
 .bss           0x20000088       0x1c /Applications/STM32CubeIDE.app/Contents/Eclipse/plugins/com.st.stm32cube.ide.mcu.externaltools.gnu-tools-for-stm32.14.3.rel1.macosaarch64_1.0.0.202602081740/tools/bin/../lib/gcc/arm-none-eabi/14.3.1/thumb/v8-m.main+fp/hard/crtbegin.o
 *(.bss*)
 .bss.defaultTaskHandle
                0x200000a4        0x4 ./Core/Src/app_freertos.o
                0x200000a4                defaultTaskHandle
 .bss.BspCOMInit
                0x200000a8       0x10 ./Core/Src/main.o
                0x200000a8                BspCOMInit
 .bss.hpcd_USB_OTG_HS
                0x200000b8      0x4e4 ./Core/Src/main.o
                0x200000b8                hpcd_USB_OTG_HS
 .bss.htim6     0x2000059c       0x4c ./Core/Src/stm32u5xx_hal_timebase_tim.o
                0x2000059c                htim6
 .bss.__sbrk_heap_end
                0x200005e8        0x4 ./Core/Src/sysmem.o
 .bss.hpb_exti  0x200005ec        0xc ./Drivers/BSP/STM32U5xx_Nucleo/stm32u5xx_nucleo.o
                0x200005ec                hpb_exti
 .bss.hcom_uart
                0x200005f8       0x94 ./Drivers/BSP/STM32U5xx_Nucleo/stm32u5xx_nucleo.o
                0x200005f8                hcom_uart
 .bss.COM_ActiveLogPort
                0x2000068c        0x1 ./Drivers/BSP/STM32U5xx_Nucleo/stm32u5xx_nucleo.o
 *fill*         0x2000068d        0x3 
 .bss.uwTick    0x20000690        0x4 ./Drivers/STM32U5xx_HAL_Driver/Src/stm32u5xx_hal.o
                0x20000690                uwTick
 .bss.KernelState
                0x20000694        0x4 ./Middlewares/Third_Party/FreeRTOS/Source/CMSIS_RTOS_V2/cmsis_os2.o
 .bss.xQueueRegistry
                0x20000698       0x40 ./Middlewares/Third_Party/FreeRTOS/Source/queue.o
                0x20000698                xQueueRegistry
 .bss.pxCurrentTCB
                0x200006d8        0x4 ./Middlewares/Third_Party/FreeRTOS/Source/tasks.o
                0x200006d8                pxCurrentTCB
 .bss.pxReadyTasksLists
                0x200006dc      0x460 ./Middlewares/Third_Party/FreeRTOS/Source/tasks.o
 .bss.xDelayedTaskList1
                0x20000b3c       0x14 ./Middlewares/Third_Party/FreeRTOS/Source/tasks.o
 .bss.xDelayedTaskList2
                0x20000b50       0x14 ./Middlewares/Third_Party/FreeRTOS/Source/tasks.o
 .bss.pxDelayedTaskList
                0x20000b64        0x4 ./Middlewares/Third_Party/FreeRTOS/Source/tasks.o
 .bss.pxOverflowDelayedTaskList
                0x20000b68        0x4 ./Middlewares/Third_Party/FreeRTOS/Source/tasks.o
 .bss.xPendingReadyList
                0x20000b6c       0x14 ./Middlewares/Third_Party/FreeRTOS/Source/tasks.o
 .bss.xTasksWaitingTermination
                0x20000b80       0x14 ./Middlewares/Third_Party/FreeRTOS/Source/tasks.o
 .bss.uxDeletedTasksWaitingCleanUp
                0x20000b94        0x4 ./Middlewares/Third_Party/FreeRTOS/Source/tasks.o
 .bss.xSuspendedTaskList
                0x20000b98       0x14 ./Middlewares/Third_Party/FreeRTOS/Source/tasks.o
 .bss.uxCurrentNumberOfTasks
                0x20000bac        0x4 ./Middlewares/Third_Party/FreeRTOS/Source/tasks.o
 .bss.xTickCount
                0x20000bb0        0x4 ./Middlewares/Third_Party/FreeRTOS/Source/tasks.o
 .bss.uxTopReadyPriority
                0x20000bb4        0x4 ./Middlewares/Third_Party/FreeRTOS/Source/tasks.o
 .bss.xSchedulerRunning
                0x20000bb8        0x4 ./Middlewares/Third_Party/FreeRTOS/Source/tasks.o
 .bss.xPendedTicks
                0x20000bbc        0x4 ./Middlewares/Third_Party/FreeRTOS/Source/tasks.o
 .bss.xYieldPendings
                0x20000bc0        0x4 ./Middlewares/Third_Party/FreeRTOS/Source/tasks.o
 .bss.xNumOfOverflows
                0x20000bc4        0x4 ./Middlewares/Third_Party/FreeRTOS/Source/tasks.o
 .bss.uxTaskNumber
                0x20000bc8        0x4 ./Middlewares/Third_Party/FreeRTOS/Source/tasks.o
 .bss.xNextTaskUnblockTime
                0x20000bcc        0x4 ./Middlewares/Third_Party/FreeRTOS/Source/tasks.o
 .bss.xIdleTaskHandles
                0x20000bd0        0x4 ./Middlewares/Third_Party/FreeRTOS/Source/tasks.o
 .bss.uxSchedulerSuspended
                0x20000bd4        0x4 ./Middlewares/Third_Party/FreeRTOS/Source/tasks.o
 .bss.xIdleTaskTCB.3
                0x20000bd8       0x5c ./Middlewares/Third_Party/FreeRTOS/Source/tasks.o
 .bss.uxIdleTaskStack.2
                0x20000c34      0x200 ./Middlewares/Third_Party/FreeRTOS/Source/tasks.o
 .bss.xTimerTaskTCB.1
                0x20000e34       0x5c ./Middlewares/Third_Party/FreeRTOS/Source/tasks.o
 .bss.uxTimerTaskStack.0
                0x20000e90      0x200 ./Middlewares/Third_Party/FreeRTOS/Source/tasks.o
 .bss.xActiveTimerList1
                0x20001090       0x14 ./Middlewares/Third_Party/FreeRTOS/Source/timers.o
 .bss.xActiveTimerList2
                0x200010a4       0x14 ./Middlewares/Third_Party/FreeRTOS/Source/timers.o
 .bss.pxCurrentTimerList
                0x200010b8        0x4 ./Middlewares/Third_Party/FreeRTOS/Source/timers.o
 .bss.pxOverflowTimerList
                0x200010bc        0x4 ./Middlewares/Third_Party/FreeRTOS/Source/timers.o
 .bss.xTimerQueue
                0x200010c0        0x4 ./Middlewares/Third_Party/FreeRTOS/Source/timers.o
 .bss.xTimerTaskHandle
                0x200010c4        0x4 ./Middlewares/Third_Party/FreeRTOS/Source/timers.o
 .bss.xLastTime.2
                0x200010c8        0x4 ./Middlewares/Third_Party/FreeRTOS/Source/timers.o
 .bss.ucStaticTimerQueueStorage.1
                0x200010cc       0xa0 ./Middlewares/Third_Party/FreeRTOS/Source/timers.o
 .bss.xStaticTimerQueue.0
                0x2000116c       0x50 ./Middlewares/Third_Party/FreeRTOS/Source/timers.o
 .bss.ucMaxSysCallPriority
                0x200011bc        0x1 ./Middlewares/Third_Party/FreeRTOS/Source/portable/GCC/ARM_CM33_NTZ/non_secure/port.o
 *fill*         0x200011bd        0x3 
 .bss.ulMaxPRIGROUPValue
                0x200011c0        0x4 ./Middlewares/Third_Party/FreeRTOS/Source/portable/GCC/ARM_CM33_NTZ/non_secure/port.o
 .bss.ucHeap    0x200011c4     0x2000 ./Middlewares/Third_Party/FreeRTOS/Source/portable/MemMang/heap_4.o
 .bss.xStart    0x200031c4        0x8 ./Middlewares/Third_Party/FreeRTOS/Source/portable/MemMang/heap_4.o
 .bss.pxEnd     0x200031cc        0x4 ./Middlewares/Third_Party/FreeRTOS/Source/portable/MemMang/heap_4.o
 .bss.xFreeBytesRemaining
                0x200031d0        0x4 ./Middlewares/Third_Party/FreeRTOS/Source/portable/MemMang/heap_4.o
 .bss.xMinimumEverFreeBytesRemaining
                0x200031d4        0x4 ./Middlewares/Third_Party/FreeRTOS/Source/portable/MemMang/heap_4.o
 .bss.xNumberOfSuccessfulAllocations
                0x200031d8        0x4 ./Middlewares/Third_Party/FreeRTOS/Source/portable/MemMang/heap_4.o
 .bss.xNumberOfSuccessfulFrees
                0x200031dc        0x4 ./Middlewares/Third_Party/FreeRTOS/Source/portable/MemMang/heap_4.o
 .bss.__sf      0x200031e0      0x138 /Applications/STM32CubeIDE.app/Contents/Eclipse/plugins/com.st.stm32cube.ide.mcu.externaltools.gnu-tools-for-stm32.14.3.rel1.macosaarch64_1.0.0.202602081740/tools/bin/../lib/gcc/arm-none-eabi/14.3.1/../../../../arm-none-eabi/lib/thumb/v8-m.main+fp/hard/libc_nano.a(libc_a-findfp.o)
                0x200031e0                __sf
 .bss.__stdio_exit_handler
                0x20003318        0x4 /Applications/STM32CubeIDE.app/Contents/Eclipse/plugins/com.st.stm32cube.ide.mcu.externaltools.gnu-tools-for-stm32.14.3.rel1.macosaarch64_1.0.0.202602081740/tools/bin/../lib/gcc/arm-none-eabi/14.3.1/../../../../arm-none-eabi/lib/thumb/v8-m.main+fp/hard/libc_nano.a(libc_a-findfp.o)
                0x20003318                __stdio_exit_handler
 .bss.__lock___malloc_recursive_mutex
                0x2000331c        0x1 /Applications/STM32CubeIDE.app/Contents/Eclipse/plugins/com.st.stm32cube.ide.mcu.externaltools.gnu-tools-for-stm32.14.3.rel1.macosaarch64_1.0.0.202602081740/tools/bin/../lib/gcc/arm-none-eabi/14.3.1/../../../../arm-none-eabi/lib/thumb/v8-m.main+fp/hard/libc_nano.a(libc_a-lock.o)
                0x2000331c                __lock___malloc_recursive_mutex
 .bss.__lock___sfp_recursive_mutex
                0x2000331d        0x1 /Applications/STM32CubeIDE.app/Contents/Eclipse/plugins/com.st.stm32cube.ide.mcu.externaltools.gnu-tools-for-stm32.14.3.rel1.macosaarch64_1.0.0.202602081740/tools/bin/../lib/gcc/arm-none-eabi/14.3.1/../../../../arm-none-eabi/lib/thumb/v8-m.main+fp/hard/libc_nano.a(libc_a-lock.o)
                0x2000331d                __lock___sfp_recursive_mutex
 *fill*         0x2000331e        0x2 
 .bss.__malloc_sbrk_start
                0x20003320        0x4 /Applications/STM32CubeIDE.app/Contents/Eclipse/plugins/com.st.stm32cube.ide.mcu.externaltools.gnu-tools-for-stm32.14.3.rel1.macosaarch64_1.0.0.202602081740/tools/bin/../lib/gcc/arm-none-eabi/14.3.1/../../../../arm-none-eabi/lib/thumb/v8-m.main+fp/hard/libc_nano.a(libc_a-mallocr.o)
                0x20003320                __malloc_sbrk_start
 .bss.__malloc_free_list
                0x20003324        0x4 /Applications/STM32CubeIDE.app/Contents/Eclipse/plugins/com.st.stm32cube.ide.mcu.externaltools.gnu-tools-for-stm32.14.3.rel1.macosaarch64_1.0.0.202602081740/tools/bin/../lib/gcc/arm-none-eabi/14.3.1/../../../../arm-none-eabi/lib/thumb/v8-m.main+fp/hard/libc_nano.a(libc_a-mallocr.o)
                0x20003324                __malloc_free_list
 .bss.errno     0x20003328        0x4 /Applications/STM32CubeIDE.app/Contents/Eclipse/plugins/com.st.stm32cube.ide.mcu.externaltools.gnu-tools-for-stm32.14.3.rel1.macosaarch64_1.0.0.202602081740/tools/bin/../lib/gcc/arm-none-eabi/14.3.1/../../../../arm-none-eabi/lib/thumb/v8-m.main+fp/hard/libc_nano.a(libc_a-reent.o)
                0x20003328                errno
 *(COMMON)
                0x2000332c                        _ebss = .
                0x2000332c                        __bss_end__ = _ebss

._user_heap_stack
                0x2000332c      0x604 load address 0x0804b044
                0x20003330                        . = ALIGN (0x8)
 *fill*         0x2000332c        0x4 
                [!provide]                        PROVIDE (end = .)
                0x20003330                        PROVIDE (_end = .)
                0x20003530                        . = (. + _Min_Heap_Size)
 *fill*         0x20003330      0x200 
                0x20003930                        . = (. + _Min_Stack_Size)
 *fill*         0x20003530      0x400 
                0x20003930                        . = ALIGN (0x8)

/DISCARD/
 libc.a(*)
 libm.a(*)
 libgcc.a(*)

.ARM.attributes
                0x00000000       0x36
 *(.ARM.attributes)
 .ARM.attributes
                0x00000000       0x26 /Applications/STM32CubeIDE.app/Contents/Eclipse/plugins/com.st.stm32cube.ide.mcu.externaltools.gnu-tools-for-stm32.14.3.rel1.macosaarch64_1.0.0.202602081740/tools/bin/../lib/gcc/arm-none-eabi/14.3.1/thumb/v8-m.main+fp/hard/crti.o
 .ARM.attributes
                0x00000026       0x38 /Applications/STM32CubeIDE.app/Contents/Eclipse/plugins/com.st.stm32cube.ide.mcu.externaltools.gnu-tools-for-stm32.14.3.rel1.macosaarch64_1.0.0.202602081740/tools/bin/../lib/gcc/arm-none-eabi/14.3.1/thumb/v8-m.main+fp/hard/crtbegin.o
 .ARM.attributes
                0x0000005e       0x3a ./Core/Src/app_freertos.o
 .ARM.attributes
                0x00000098       0x3a ./Core/Src/main.o
 .ARM.attributes
                0x000000d2       0x3a ./Core/Src/stm32u5xx_hal_msp.o
 .ARM.attributes
                0x0000010c       0x3a ./Core/Src/stm32u5xx_hal_timebase_tim.o
 .ARM.attributes
                0x00000146       0x3a ./Core/Src/stm32u5xx_it.o
 .ARM.attributes
                0x00000180       0x3a ./Core/Src/syscalls.o
 .ARM.attributes
                0x000001ba       0x3a ./Core/Src/sysmem.o
 .ARM.attributes
                0x000001f4       0x3a ./Core/Src/system_stm32u5xx.o
 .ARM.attributes
                0x0000022e       0x24 ./Core/Startup/startup_stm32u5a5zjtxq.o
 .ARM.attributes
                0x00000252       0x3a ./Drivers/BSP/STM32U5xx_Nucleo/stm32u5xx_nucleo.o
 .ARM.attributes
                0x0000028c       0x3a ./Drivers/STM32U5xx_HAL_Driver/Src/stm32u5xx_hal.o
 .ARM.attributes
                0x000002c6       0x3a ./Drivers/STM32U5xx_HAL_Driver/Src/stm32u5xx_hal_cortex.o
 .ARM.attributes
                0x00000300       0x3a ./Drivers/STM32U5xx_HAL_Driver/Src/stm32u5xx_hal_exti.o
 .ARM.attributes
                0x0000033a       0x3a ./Drivers/STM32U5xx_HAL_Driver/Src/stm32u5xx_hal_gpio.o
 .ARM.attributes
                0x00000374       0x3a ./Drivers/STM32U5xx_HAL_Driver/Src/stm32u5xx_hal_icache.o
 .ARM.attributes
                0x000003ae       0x3a ./Drivers/STM32U5xx_HAL_Driver/Src/stm32u5xx_hal_pcd.o
 .ARM.attributes
                0x000003e8       0x3a ./Drivers/STM32U5xx_HAL_Driver/Src/stm32u5xx_hal_pcd_ex.o
 .ARM.attributes
                0x00000422       0x3a ./Drivers/STM32U5xx_HAL_Driver/Src/stm32u5xx_hal_pwr_ex.o
 .ARM.attributes
                0x0000045c       0x3a ./Drivers/STM32U5xx_HAL_Driver/Src/stm32u5xx_hal_rcc.o
 .ARM.attributes
                0x00000496       0x3a ./Drivers/STM32U5xx_HAL_Driver/Src/stm32u5xx_hal_rcc_ex.o
 .ARM.attributes
                0x000004d0       0x3a ./Drivers/STM32U5xx_HAL_Driver/Src/stm32u5xx_hal_tim.o
 .ARM.attributes
                0x0000050a       0x3a ./Drivers/STM32U5xx_HAL_Driver/Src/stm32u5xx_hal_tim_ex.o
 .ARM.attributes
                0x00000544       0x3a ./Drivers/STM32U5xx_HAL_Driver/Src/stm32u5xx_hal_uart.o
 .ARM.attributes
                0x0000057e       0x3a ./Drivers/STM32U5xx_HAL_Driver/Src/stm32u5xx_ll_usb.o
 .ARM.attributes
                0x000005b8       0x3a ./Middlewares/Third_Party/FreeRTOS/Source/CMSIS_RTOS_V2/cmsis_os2.o
 .ARM.attributes
                0x000005f2       0x3a ./Middlewares/Third_Party/FreeRTOS/Source/list.o
 .ARM.attributes
                0x0000062c       0x3a ./Middlewares/Third_Party/FreeRTOS/Source/queue.o
 .ARM.attributes
                0x00000666       0x3a ./Middlewares/Third_Party/FreeRTOS/Source/tasks.o
 .ARM.attributes
                0x000006a0       0x3a ./Middlewares/Third_Party/FreeRTOS/Source/timers.o
 .ARM.attributes
                0x000006da       0x3a ./Middlewares/Third_Party/FreeRTOS/Source/portable/GCC/ARM_CM33_NTZ/non_secure/port.o
 .ARM.attributes
                0x00000714       0x3a ./Middlewares/Third_Party/FreeRTOS/Source/portable/GCC/ARM_CM33_NTZ/non_secure/portasm.o
 .ARM.attributes
                0x0000074e       0x3a ./Middlewares/Third_Party/FreeRTOS/Source/portable/MemMang/heap_4.o
 .ARM.attributes
                0x00000788       0x38 /Applications/STM32CubeIDE.app/Contents/Eclipse/plugins/com.st.stm32cube.ide.mcu.externaltools.gnu-tools-for-stm32.14.3.rel1.macosaarch64_1.0.0.202602081740/tools/bin/../lib/gcc/arm-none-eabi/14.3.1/../../../../arm-none-eabi/lib/thumb/v8-m.main+fp/hard/libc_nano.a(libc_a-findfp.o)
 .ARM.attributes
                0x000007c0       0x38 /Applications/STM32CubeIDE.app/Contents/Eclipse/plugins/com.st.stm32cube.ide.mcu.externaltools.gnu-tools-for-stm32.14.3.rel1.macosaarch64_1.0.0.202602081740/tools/bin/../lib/gcc/arm-none-eabi/14.3.1/../../../../arm-none-eabi/lib/thumb/v8-m.main+fp/hard/libc_nano.a(libc_a-fwalk.o)
 .ARM.attributes
                0x000007f8       0x38 /Applications/STM32CubeIDE.app/Contents/Eclipse/plugins/com.st.stm32cube.ide.mcu.externaltools.gnu-tools-for-stm32.14.3.rel1.macosaarch64_1.0.0.202602081740/tools/bin/../lib/gcc/arm-none-eabi/14.3.1/../../../../arm-none-eabi/lib/thumb/v8-m.main+fp/hard/libc_nano.a(libc_a-puts.o)
 .ARM.attributes
                0x00000830       0x38 /Applications/STM32CubeIDE.app/Contents/Eclipse/plugins/com.st.stm32cube.ide.mcu.externaltools.gnu-tools-for-stm32.14.3.rel1.macosaarch64_1.0.0.202602081740/tools/bin/../lib/gcc/arm-none-eabi/14.3.1/../../../../arm-none-eabi/lib/thumb/v8-m.main+fp/hard/libc_nano.a(libc_a-memset.o)
 .ARM.attributes
                0x00000868       0x38 /Applications/STM32CubeIDE.app/Contents/Eclipse/plugins/com.st.stm32cube.ide.mcu.externaltools.gnu-tools-for-stm32.14.3.rel1.macosaarch64_1.0.0.202602081740/tools/bin/../lib/gcc/arm-none-eabi/14.3.1/../../../../arm-none-eabi/lib/thumb/v8-m.main+fp/hard/libc_nano.a(libc_a-errno.o)
 .ARM.attributes
                0x000008a0       0x38 /Applications/STM32CubeIDE.app/Contents/Eclipse/plugins/com.st.stm32cube.ide.mcu.externaltools.gnu-tools-for-stm32.14.3.rel1.macosaarch64_1.0.0.202602081740/tools/bin/../lib/gcc/arm-none-eabi/14.3.1/../../../../arm-none-eabi/lib/thumb/v8-m.main+fp/hard/libc_nano.a(libc_a-init.o)
 .ARM.attributes
                0x000008d8       0x38 /Applications/STM32CubeIDE.app/Contents/Eclipse/plugins/com.st.stm32cube.ide.mcu.externaltools.gnu-tools-for-stm32.14.3.rel1.macosaarch64_1.0.0.202602081740/tools/bin/../lib/gcc/arm-none-eabi/14.3.1/../../../../arm-none-eabi/lib/thumb/v8-m.main+fp/hard/libc_nano.a(libc_a-lock.o)
 .ARM.attributes
                0x00000910       0x38 /Applications/STM32CubeIDE.app/Contents/Eclipse/plugins/com.st.stm32cube.ide.mcu.externaltools.gnu-tools-for-stm32.14.3.rel1.macosaarch64_1.0.0.202602081740/tools/bin/../lib/gcc/arm-none-eabi/14.3.1/../../../../arm-none-eabi/lib/thumb/v8-m.main+fp/hard/libc_nano.a(libc_a-impure.o)
 .ARM.attributes
                0x00000948       0x38 /Applications/STM32CubeIDE.app/Contents/Eclipse/plugins/com.st.stm32cube.ide.mcu.externaltools.gnu-tools-for-stm32.14.3.rel1.macosaarch64_1.0.0.202602081740/tools/bin/../lib/gcc/arm-none-eabi/14.3.1/../../../../arm-none-eabi/lib/thumb/v8-m.main+fp/hard/libc_nano.a(libc_a-memcpy-stub.o)
 .ARM.attributes
                0x00000980       0x38 /Applications/STM32CubeIDE.app/Contents/Eclipse/plugins/com.st.stm32cube.ide.mcu.externaltools.gnu-tools-for-stm32.14.3.rel1.macosaarch64_1.0.0.202602081740/tools/bin/../lib/gcc/arm-none-eabi/14.3.1/../../../../arm-none-eabi/lib/thumb/v8-m.main+fp/hard/libc_nano.a(libc_a-mallocr.o)
 .ARM.attributes
                0x000009b8       0x38 /Applications/STM32CubeIDE.app/Contents/Eclipse/plugins/com.st.stm32cube.ide.mcu.externaltools.gnu-tools-for-stm32.14.3.rel1.macosaarch64_1.0.0.202602081740/tools/bin/../lib/gcc/arm-none-eabi/14.3.1/../../../../arm-none-eabi/lib/thumb/v8-m.main+fp/hard/libc_nano.a(libc_a-fflush.o)
 .ARM.attributes
                0x000009f0       0x38 /Applications/STM32CubeIDE.app/Contents/Eclipse/plugins/com.st.stm32cube.ide.mcu.externaltools.gnu-tools-for-stm32.14.3.rel1.macosaarch64_1.0.0.202602081740/tools/bin/../lib/gcc/arm-none-eabi/14.3.1/../../../../arm-none-eabi/lib/thumb/v8-m.main+fp/hard/libc_nano.a(libc_a-mlock.o)
 .ARM.attributes
                0x00000a28       0x38 /Applications/STM32CubeIDE.app/Contents/Eclipse/plugins/com.st.stm32cube.ide.mcu.externaltools.gnu-tools-for-stm32.14.3.rel1.macosaarch64_1.0.0.202602081740/tools/bin/../lib/gcc/arm-none-eabi/14.3.1/../../../../arm-none-eabi/lib/thumb/v8-m.main+fp/hard/libc_nano.a(libc_a-stdio.o)
 .ARM.attributes
                0x00000a60       0x38 /Applications/STM32CubeIDE.app/Contents/Eclipse/plugins/com.st.stm32cube.ide.mcu.externaltools.gnu-tools-for-stm32.14.3.rel1.macosaarch64_1.0.0.202602081740/tools/bin/../lib/gcc/arm-none-eabi/14.3.1/../../../../arm-none-eabi/lib/thumb/v8-m.main+fp/hard/libc_nano.a(libc_a-wbuf.o)
 .ARM.attributes
                0x00000a98       0x38 /Applications/STM32CubeIDE.app/Contents/Eclipse/plugins/com.st.stm32cube.ide.mcu.externaltools.gnu-tools-for-stm32.14.3.rel1.macosaarch64_1.0.0.202602081740/tools/bin/../lib/gcc/arm-none-eabi/14.3.1/../../../../arm-none-eabi/lib/thumb/v8-m.main+fp/hard/libc_nano.a(libc_a-wsetup.o)
 .ARM.attributes
                0x00000ad0       0x38 /Applications/STM32CubeIDE.app/Contents/Eclipse/plugins/com.st.stm32cube.ide.mcu.externaltools.gnu-tools-for-stm32.14.3.rel1.macosaarch64_1.0.0.202602081740/tools/bin/../lib/gcc/arm-none-eabi/14.3.1/../../../../arm-none-eabi/lib/thumb/v8-m.main+fp/hard/libc_nano.a(libc_a-makebuf.o)
 .ARM.attributes
                0x00000b08       0x38 /Applications/STM32CubeIDE.app/Contents/Eclipse/plugins/com.st.stm32cube.ide.mcu.externaltools.gnu-tools-for-stm32.14.3.rel1.macosaarch64_1.0.0.202602081740/tools/bin/../lib/gcc/arm-none-eabi/14.3.1/../../../../arm-none-eabi/lib/thumb/v8-m.main+fp/hard/libc_nano.a(libc_a-isattyr.o)
 .ARM.attributes